Component: ARM Compiler 5.06 update 6 (build 750) Tool: armlink [4d35ed]

==============================================================================

Section Cross References

    lcd.o(i.HAL_LCD_MspDeInit) refers to stm32l0xx_hal_gpio.o(i.HAL_GPIO_DeInit) for HAL_GPIO_DeInit
    lcd.o(i.HAL_LCD_MspDeInit) refers to stm32l0xx_hal_cortex.o(i.HAL_NVIC_DisableIRQ) for HAL_NVIC_DisableIRQ
    lcd.o(i.HAL_LCD_MspInit) refers to stm32l0xx_hal_gpio.o(i.HAL_GPIO_Init) for HAL_GPIO_Init
    lcd.o(i.HAL_LCD_MspInit) refers to stm32l0xx_hal_cortex.o(i.HAL_NVIC_SetPriority) for HAL_NVIC_SetPriority
    lcd.o(i.HAL_LCD_MspInit) refers to stm32l0xx_hal_cortex.o(i.HAL_NVIC_EnableIRQ) for HAL_NVIC_EnableIRQ
    lcd.o(i.MX_LCD_Init) refers to stm32l0xx_hal_lcd.o(i.HAL_LCD_Init) for HAL_LCD_Init
    lcd.o(i.MX_LCD_Init) refers to main.o(i._Error_Handler) for _Error_Handler
    lcd.o(i.MX_LCD_Init) refers to lcd.o(.bss) for .bss
    stm32l0xx_hal_msp.o(i.HAL_MspInit) refers to stm32l0xx_hal_cortex.o(i.HAL_NVIC_SetPriority) for HAL_NVIC_SetPriority
    main.o(i.SystemClock_Config) refers to stm32l0xx_hal_rcc.o(i.HAL_RCC_OscConfig) for HAL_RCC_OscConfig
    main.o(i.SystemClock_Config) refers to main.o(i._Error_Handler) for _Error_Handler
    main.o(i.SystemClock_Config) refers to stm32l0xx_hal_rcc.o(i.HAL_RCC_ClockConfig) for HAL_RCC_ClockConfig
    main.o(i.SystemClock_Config) refers to stm32l0xx_hal_rcc_ex.o(i.HAL_RCCEx_PeriphCLKConfig) for HAL_RCCEx_PeriphCLKConfig
    main.o(i.SystemClock_Config) refers to stm32l0xx_hal_rcc.o(i.HAL_RCC_GetHCLKFreq) for HAL_RCC_GetHCLKFreq
    main.o(i.SystemClock_Config) refers to uidiv.o(.text) for __aeabi_uidivmod
    main.o(i.SystemClock_Config) refers to stm32l0xx_hal_cortex.o(i.HAL_SYSTICK_Config) for HAL_SYSTICK_Config
    main.o(i.SystemClock_Config) refers to stm32l0xx_hal_cortex.o(i.HAL_SYSTICK_CLKSourceConfig) for HAL_SYSTICK_CLKSourceConfig
    main.o(i.SystemClock_Config) refers to stm32l0xx_hal_cortex.o(i.HAL_NVIC_SetPriority) for HAL_NVIC_SetPriority
    main.o(i.main) refers to stm32l0xx_hal.o(i.HAL_Init) for HAL_Init
    main.o(i.main) refers to main.o(i.SystemClock_Config) for SystemClock_Config
    main.o(i.main) refers to gpio.o(i.MX_GPIO_Init) for MX_GPIO_Init
    main.o(i.main) refers to adc.o(i.MX_ADC_Init) for MX_ADC_Init
    main.o(i.main) refers to lcd.o(i.MX_LCD_Init) for MX_LCD_Init
    main.o(i.main) refers to rtc.o(i.MX_RTC_Init) for MX_RTC_Init
    main.o(i.main) refers to stm32l0xx_hal_gpio.o(i.HAL_GPIO_WritePin) for HAL_GPIO_WritePin
    main.o(i.main) refers to user.o(i.InitVariable) for InitVariable
    main.o(i.main) refers to stm32l0xx_hal.o(i.HAL_Delay) for HAL_Delay
    main.o(i.main) refers to stm32l0xx_hal_lcd.o(i.LCD_WaitForSynchro) for LCD_WaitForSynchro
    main.o(i.main) refers to lcdmanagement.o(i.lcd_print) for lcd_print
    main.o(i.main) refers to stm32l0xx_hal_adc_ex.o(i.HAL_ADCEx_Calibration_Start) for HAL_ADCEx_Calibration_Start
    main.o(i.main) refers to main.o(i._Error_Handler) for _Error_Handler
    main.o(i.main) refers to stm32l0xx_hal_adc.o(i.HAL_ADC_Start_IT) for HAL_ADC_Start_IT
    main.o(i.main) refers to adcmanagement.o(i.ReadVref) for ReadVref
    main.o(i.main) refers to adcmanagement.o(i.ReadVoltage) for ReadVoltage
    main.o(i.main) refers to sensortemperature.o(i.ReadTemperature) for ReadTemperature
    main.o(i.main) refers to lowpowermanagement.o(i.LowBattery) for LowBattery
    main.o(i.main) refers to lowpowermanagement.o(i.Stop_Mode) for Stop_Mode
    main.o(i.main) refers to lcd.o(.bss) for hlcd
    main.o(i.main) refers to adc.o(.bss) for hadc
    main.o(i.main) refers to adcmanagement.o(.data) for i16Celsius
    main.o(i.main) refers to main.o(.data) for .data
    main.o(i.main) refers to adcmanagement.o(.data) for VoltageValue
    main.o(i.main) refers to adcmanagement.o(.data) for u16Vref
    main.o(i.main) refers to adcmanagement.o(.data) for vRef
    main.o(i.main) refers to adcmanagement.o(.data) for u16Battery
    main.o(i.main) refers to adcmanagement.o(.data) for u16Ntc2
    adc.o(i.HAL_ADC_MspDeInit) refers to stm32l0xx_hal_gpio.o(i.HAL_GPIO_DeInit) for HAL_GPIO_DeInit
    adc.o(i.HAL_ADC_MspDeInit) refers to stm32l0xx_hal_cortex.o(i.HAL_NVIC_DisableIRQ) for HAL_NVIC_DisableIRQ
    adc.o(i.HAL_ADC_MspInit) refers to stm32l0xx_hal_gpio.o(i.HAL_GPIO_Init) for HAL_GPIO_Init
    adc.o(i.HAL_ADC_MspInit) refers to stm32l0xx_hal_cortex.o(i.HAL_NVIC_SetPriority) for HAL_NVIC_SetPriority
    adc.o(i.HAL_ADC_MspInit) refers to stm32l0xx_hal_cortex.o(i.HAL_NVIC_EnableIRQ) for HAL_NVIC_EnableIRQ
    adc.o(i.MX_ADC_Init) refers to stm32l0xx_hal_adc.o(i.HAL_ADC_Init) for HAL_ADC_Init
    adc.o(i.MX_ADC_Init) refers to main.o(i._Error_Handler) for _Error_Handler
    adc.o(i.MX_ADC_Init) refers to stm32l0xx_hal_adc.o(i.HAL_ADC_ConfigChannel) for HAL_ADC_ConfigChannel
    adc.o(i.MX_ADC_Init) refers to adc.o(.bss) for .bss
[...]
    stm32l0xx_hal_rtc.o(i.HAL_RTC_DeInit) refers to stm32l0xx_hal_rtc.o(i.HAL_RTC_WaitForSynchro) for HAL_RTC_WaitForSynchro
    stm32l0xx_hal_rtc.o(i.HAL_RTC_DeInit) refers to rtc.o(i.HAL_RTC_MspDeInit) for HAL_RTC_MspDeInit
    stm32l0xx_hal_rtc.o(i.HAL_RTC_DeactivateAlarm) refers to main.o(i.assert_failed) for assert_failed
    stm32l0xx_hal_rtc.o(i.HAL_RTC_DeactivateAlarm) refers to stm32l0xx_hal.o(i.HAL_GetTick) for HAL_GetTick
    stm32l0xx_hal_rtc.o(i.HAL_RTC_GetAlarm) refers to main.o(i.assert_failed) for assert_failed
    stm32l0xx_hal_rtc.o(i.HAL_RTC_GetAlarm) refers to stm32l0xx_hal_rtc.o(i.RTC_Bcd2ToByte) for RTC_Bcd2ToByte
    stm32l0xx_hal_rtc.o(i.HAL_RTC_GetDate) refers to main.o(i.assert_failed) for assert_failed
    stm32l0xx_hal_rtc.o(i.HAL_RTC_GetDate) refers to stm32l0xx_hal_rtc.o(i.RTC_Bcd2ToByte) for RTC_Bcd2ToByte
    stm32l0xx_hal_rtc.o(i.HAL_RTC_GetTime) refers to main.o(i.assert_failed) for assert_failed
    stm32l0xx_hal_rtc.o(i.HAL_RTC_GetTime) refers to stm32l0xx_hal_rtc.o(i.RTC_Bcd2ToByte) for RTC_Bcd2ToByte
    stm32l0xx_hal_rtc.o(i.HAL_RTC_Init) refers to main.o(i.assert_failed) for assert_failed
    stm32l0xx_hal_rtc.o(i.HAL_RTC_Init) refers to rtc.o(i.HAL_RTC_MspInit) for HAL_RTC_MspInit
    stm32l0xx_hal_rtc.o(i.HAL_RTC_Init) refers to stm32l0xx_hal_rtc.o(i.RTC_EnterInitMode) for RTC_EnterInitMode
    stm32l0xx_hal_rtc.o(i.HAL_RTC_PollForAlarmAEvent) refers to stm32l0xx_hal.o(i.HAL_GetTick) for HAL_GetTick
    stm32l0xx_hal_rtc.o(i.HAL_RTC_SetAlarm) refers to main.o(i.assert_failed) for assert_failed
    stm32l0xx_hal_rtc.o(i.HAL_RTC_SetAlarm) refers to stm32l0xx_hal_rtc.o(i.RTC_Bcd2ToByte) for RTC_Bcd2ToByte
    stm32l0xx_hal_rtc.o(i.HAL_RTC_SetAlarm) refers to stm32l0xx_hal_rtc.o(i.RTC_ByteToBcd2) for RTC_ByteToBcd2
    stm32l0xx_hal_rtc.o(i.HAL_RTC_SetAlarm) refers to stm32l0xx_hal.o(i.HAL_GetTick) for HAL_GetTick
    stm32l0xx_hal_rtc.o(i.HAL_RTC_SetAlarm_IT) refers to main.o(i.assert_failed) for assert_failed
    stm32l0xx_hal_rtc.o(i.HAL_RTC_SetAlarm_IT) refers to stm32l0xx_hal_rtc.o(i.RTC_Bcd2ToByte) for RTC_Bcd2ToByte
    stm32l0xx_hal_rtc.o(i.HAL_RTC_SetAlarm_IT) refers to stm32l0xx_hal_rtc.o(i.RTC_ByteToBcd2) for RTC_ByteToBcd2
    stm32l0xx_hal_rtc.o(i.HAL_RTC_SetAlarm_IT) refers to stm32l0xx_hal.o(i.HAL_GetTick) for HAL_GetTick
    stm32l0xx_hal_rtc.o(i.HAL_RTC_SetDate) refers to main.o(i.assert_failed) for assert_failed
    stm32l0xx_hal_rtc.o(i.HAL_RTC_SetDate) refers to stm32l0xx_hal_rtc.o(i.RTC_Bcd2ToByte) for RTC_Bcd2ToByte
    stm32l0xx_hal_rtc.o(i.HAL_RTC_SetDate) refers to stm32l0xx_hal_rtc.o(i.RTC_EnterInitMode) for RTC_EnterInitMode
    stm32l0xx_hal_rtc.o(i.HAL_RTC_SetDate) refers to stm32l0xx_hal_rtc.o(i.RTC_ByteToBcd2) for RTC_ByteToBcd2
    stm32l0xx_hal_rtc.o(i.HAL_RTC_SetDate) refers to stm32l0xx_hal_rtc.o(i.HAL_RTC_WaitForSynchro) for HAL_RTC_WaitForSynchro
    stm32l0xx_hal_rtc.o(i.HAL_RTC_SetTime) refers to main.o(i.assert_failed) for assert_failed
    stm32l0xx_hal_rtc.o(i.HAL_RTC_SetTime) refers to stm32l0xx_hal_rtc.o(i.RTC_Bcd2ToByte) for RTC_Bcd2ToByte
    stm32l0xx_hal_rtc.o(i.HAL_RTC_SetTime) refers to stm32l0xx_hal_rtc.o(i.RTC_ByteToBcd2) for RTC_ByteToBcd2
    stm32l0xx_hal_rtc.o(i.HAL_RTC_SetTime) refers to stm32l0xx_hal_rtc.o(i.RTC_EnterInitMode) for RTC_EnterInitMode
    stm32l0xx_hal_rtc.o(i.HAL_RTC_SetTime) refers to stm32l0xx_hal_rtc.o(i.HAL_RTC_WaitForSynchro) for HAL_RTC_WaitForSynchro
    stm32l0xx_hal_rtc.o(i.HAL_RTC_WaitForSynchro) refers to stm32l0xx_hal.o(i.HAL_GetTick) for HAL_GetTick
    stm32l0xx_hal_rtc.o(i.RTC_EnterInitMode) refers to stm32l0xx_hal.o(i.HAL_GetTick) for HAL_GetTick
    stm32l0xx_hal_flash_ramfunc.o(i.FLASHRAM_SetErrorCode) refers to stm32l0xx_hal_flash.o(.bss) for pFlash
    stm32l0xx_hal_flash_ramfunc.o(i.FLASHRAM_WaitForLastOperation) refers to stm32l0xx_hal_flash_ramfunc.o(i.FLASHRAM_SetErrorCode) for FLASHRAM_SetErrorCode
    stm32l0xx_hal_flash_ramfunc.o(i.HAL_FLASHEx_GetError) refers to stm32l0xx_hal_flash.o(.bss) for pFlash
    stm32l0xx_hal_flash_ramfunc.o(i.HAL_FLASHEx_HalfPageProgram) refers to stm32l0xx_hal_flash_ramfunc.o(i.FLASHRAM_WaitForLastOperation) for FLASHRAM_WaitForLastOperation
    system_stm32l0xx.o(i.SystemCoreClockUpdate) refers to uidiv.o(.text) for __aeabi_uidivmod
    system_stm32l0xx.o(i.SystemCoreClockUpdate) refers to system_stm32l0xx.o(.data) for .data
    system_stm32l0xx.o(i.SystemCoreClockUpdate) refers to system_stm32l0xx.o(.constdata) for .constdata
    startup_stm32l053xx.o(RESET) refers to startup_stm32l053xx.o(STACK) for __initial_sp
    startup_stm32l053xx.o(RESET) refers to startup_stm32l053xx.o(.text) for Reset_Handler
    startup_stm32l053xx.o(RESET) refers to stm32l0xx_it.o(i.SysTick_Handler) for SysTick_Handler
    startup_stm32l053xx.o(RESET) refers to stm32l0xx_it.o(i.RTC_IRQHandler) for RTC_IRQHandler
    startup_stm32l053xx.o(RESET) refers to stm32l0xx_it.o(i.ADC1_COMP_IRQHandler) for ADC1_COMP_IRQHandler
    startup_stm32l053xx.o(RESET) refers to stm32l0xx_it.o(i.LCD_IRQHandler) for LCD_IRQHandler
    startup_stm32l053xx.o(.text) refers to system_stm32l0xx.o(i.SystemInit) for SystemInit
    startup_stm32l053xx.o(.text) refers to entry.o(.ARM.Collect$$$$00000000) for __main
    entry.o(.ARM.Collect$$$$00000000) refers (Special) to entry10a.o(.ARM.Collect$$$$0000000D) for __rt_final_cpp
    entry.o(.ARM.Collect$$$$00000000) refers (Special) to entry11a.o(.ARM.Collect$$$$0000000F) for __rt_final_exit
    entry.o(.ARM.Collect$$$$00000000) refers (Special) to entry7b.o(.ARM.Collect$$$$00000008) for _main_clock
    entry.o(.ARM.Collect$$$$00000000) refers (Special) to entry8b.o(.ARM.Collect$$$$0000000A) for _main_cpp_init
    entry.o(.ARM.Collect$$$$00000000) refers (Special) to entry9a.o(.ARM.Collect$$$$0000000B) for _main_init
    entry.o(.ARM.Collect$$$$00000000) refers (Special) to entry5.o(.ARM.Collect$$$$00000004) for _main_scatterload
    entry.o(.ARM.Collect$$$$00000000) refers (Special) to entry2.o(.ARM.Collect$$$$00000001) for _main_stk
    idiv.o(.text) refers to uidiv.o(.text) for __aeabi_uidivmod
    fadd.o(.text) refers (Special) to iusefp.o(.text) for __I$use$fp
    fadd.o(.text) refers to fepilogue.o(.text) for _float_epilogue
    fmul.o(.text) refers (Special) to iusefp.o(.text) for __I$use$fp
    fdiv.o(.text) refers (Special) to iusefp.o(.text) for __I$use$fp
    fdiv.o(.text) refers to fepilogue.o(.text) for _float_round
    fscalb.o(.text) refers (Special) to iusefp.o(.text) for __I$use$fp
    fflti.o(.text) refers (Special) to iusefp.o(.text) for __I$use$fp
    fflti.o(.text) refers to fepilogue.o(.text) for _float_epilogue
    ffltui.o(.text) refers (Special) to iusefp.o(.text) for __I$use$fp
    ffltui.o(.text) refers to fepilogue.o(.text) for _float_epilogue
    ffixui.o(.text) refers (Special) to iusefp.o(.text) for __I$use$fp
    entry2.o(.ARM.Collect$$$$00000001) refers to entry2.o(.ARM.Collect$$$$00002712) for __lit__00000000
    entry2.o(.ARM.Collect$$$$00002712) refers to startup_stm32l053xx.o(STACK) for __initial_sp
    entry2.o(__vectab_stack_and_reset_area) refers to startup_stm32l053xx.o(STACK) for __initial_sp
    entry2.o(__vectab_stack_and_reset_area) refers to entry.o(.ARM.Collect$$$$00000000) for __main
    entry5.o(.ARM.Collect$$$$00000004) refers to init.o(.text) for __scatterload
    entry9a.o(.ARM.Collect$$$$0000000B) refers to main.o(i.main) for main
    entry9b.o(.ARM.Collect$$$$0000000C) refers to main.o(i.main) for main
    init.o(.text) refers to entry5.o(.ARM.Collect$$$$00000004) for __main_after_scatterload


==============================================================================

Removing Unused input sections from the image.

    Removing lcd.o(.rev16_text), (4 bytes).
    Removing lcd.o(.revsh_text), (4 bytes).
    Removing lcd.o(i.HAL_LCD_MspDeInit), (64 bytes).
    Removing stm32l0xx_hal_msp.o(.rev16_text), (4 bytes).
    Removing stm32l0xx_hal_msp.o(.revsh_text), (4 bytes).
    Removing main.o(.rev16_text), (4 bytes).
    Removing main.o(.revsh_text), (4 bytes).
    Removing adc.o(.rev16_text), (4 bytes).
    Removing adc.o(.revsh_text), (4 bytes).
    Removing adc.o(i.HAL_ADC_MspDeInit), (48 bytes).
    Removing rtc.o(.rev16_text), (4 bytes).
    Removing rtc.o(.revsh_text), (4 bytes).
    Removing rtc.o(i.HAL_RTC_MspDeInit), (40 bytes).
    Removing gpio.o(.rev16_text), (4 bytes).
    Removing gpio.o(.revsh_text), (4 bytes).
    Removing gpio.o(.bss), (20 bytes).
    Removing stm32l0xx_it.o(.rev16_text), (4 bytes).
    Removing stm32l0xx_it.o(.revsh_text), (4 bytes).
    Removing lowpowermanagement.o(.rev16_text), (4 bytes).
    Removing lowpowermanagement.o(.revsh_text), (4 bytes).
    Removing sensortemperature.o(.rev16_text), (4 bytes).
    Removing sensortemperature.o(.revsh_text), (4 bytes).
    Removing sensortemperature.o(i.intTemperature), (64 bytes).
    Removing user.o(.rev16_text), (4 bytes).
    Removing user.o(.revsh_text), (4 bytes).
    Removing lcdmanagement.o(.rev16_text), (4 bytes).
    Removing lcdmanagement.o(.revsh_text), (4 bytes).
    Removing lcdmanagement.o(i.IntToBCD), (66 bytes).
    Removing adcmanagement.o(.rev16_text), (4 bytes).
    Removing adcmanagement.o(.revsh_text), (4 bytes).
    Removing stm32l0xx_hal_rtc_ex.o(.rev16_text), (4 bytes).
    Removing stm32l0xx_hal_rtc_ex.o(.revsh_text), (4 bytes).
    Removing stm32l0xx_hal_rtc_ex.o(i.HAL_RTCEx_AlarmBEventCallback), (2 bytes).
    Removing stm32l0xx_hal_rtc_ex.o(i.HAL_RTCEx_DeactivateCalibrationOutPut), (64 bytes).
    Removing stm32l0xx_hal_rtc_ex.o(i.HAL_RTCEx_DeactivateRefClock), (98 bytes).
    Removing stm32l0xx_hal_rtc_ex.o(i.HAL_RTCEx_DeactivateTamper), (164 bytes).
    Removing stm32l0xx_hal_rtc_ex.o(i.HAL_RTCEx_DeactivateTimeStamp), (80 bytes).
    Removing stm32l0xx_hal_rtc_ex.o(i.HAL_RTCEx_DeactivateWakeUpTimer), (126 bytes).
    Removing stm32l0xx_hal_rtc_ex.o(i.HAL_RTCEx_DisableBypassShadow), (64 bytes).
    Removing stm32l0xx_hal_rtc_ex.o(i.HAL_RTCEx_EnableBypassShadow), (64 bytes).
    Removing stm32l0xx_hal_rtc_ex.o(i.HAL_RTCEx_GetTimeStamp), (236 bytes).
    Removing stm32l0xx_hal_rtc_ex.o(i.HAL_RTCEx_GetWakeUpTimer), (8 bytes).
    Removing stm32l0xx_hal_rtc_ex.o(i.HAL_RTCEx_PollForAlarmBEvent), (84 bytes).
    Removing stm32l0xx_hal_rtc_ex.o(i.HAL_RTCEx_PollForTamper1Event), (84 bytes).
    Removing stm32l0xx_hal_rtc_ex.o(i.HAL_RTCEx_PollForTamper2Event), (84 bytes).
    Removing stm32l0xx_hal_rtc_ex.o(i.HAL_RTCEx_PollForTimeStampEvent), (100 bytes).
    Removing stm32l0xx_hal_rtc_ex.o(i.HAL_RTCEx_PollForWakeUpTimerEvent), (84 bytes).
    Removing stm32l0xx_hal_rtc_ex.o(i.HAL_RTCEx_SetCalibrationOutPut), (168 bytes).
    Removing stm32l0xx_hal_rtc_ex.o(i.HAL_RTCEx_SetRefClock), (98 bytes).
    Removing stm32l0xx_hal_rtc_ex.o(i.HAL_RTCEx_SetSmoothCalib), (280 bytes).
    Removing stm32l0xx_hal_rtc_ex.o(i.HAL_RTCEx_SetSynchroShift), (284 bytes).
    Removing stm32l0xx_hal_rtc_ex.o(i.HAL_RTCEx_SetTamper), (520 bytes).
    Removing stm32l0xx_hal_rtc_ex.o(i.HAL_RTCEx_SetTamper_IT), (584 bytes).
    Removing stm32l0xx_hal_rtc_ex.o(i.HAL_RTCEx_SetTimeStamp), (172 bytes).
    Removing stm32l0xx_hal_rtc_ex.o(i.HAL_RTCEx_SetTimeStamp_IT), (204 bytes).
    Removing stm32l0xx_hal_rtc_ex.o(i.HAL_RTCEx_SetWakeUpTimer), (344 bytes).
    Removing stm32l0xx_hal_rtc_ex.o(i.HAL_RTCEx_Tamper1EventCallback), (2 bytes).
    Removing stm32l0xx_hal_rtc_ex.o(i.HAL_RTCEx_Tamper2EventCallback), (2 bytes).
    Removing stm32l0xx_hal_rtc_ex.o(i.HAL_RTCEx_TamperTimeStampIRQHandler), (148 bytes).
    Removing stm32l0xx_hal_rtc_ex.o(i.HAL_RTCEx_TimeStampEventCallback), (2 bytes).
    Removing stm32l0xx_hal.o(.rev16_text), (4 bytes).
    Removing stm32l0xx_hal.o(.revsh_text), (4 bytes).
    Removing stm32l0xx_hal.o(i.HAL_DBGMCU_DBG_DisableLowPowerConfig), (88 bytes).
    Removing stm32l0xx_hal.o(i.HAL_DBGMCU_DBG_EnableLowPowerConfig), (88 bytes).
    Removing stm32l0xx_hal.o(i.HAL_DBGMCU_DisableDBGSleepMode), (16 bytes).
    Removing stm32l0xx_hal.o(i.HAL_DBGMCU_DisableDBGStandbyMode), (16 bytes).
    Removing stm32l0xx_hal.o(i.HAL_DBGMCU_DisableDBGStopMode), (16 bytes).
    Removing stm32l0xx_hal.o(i.HAL_DBGMCU_EnableDBGSleepMode), (16 bytes).
    Removing stm32l0xx_hal.o(i.HAL_DBGMCU_EnableDBGStandbyMode), (16 bytes).
    Removing stm32l0xx_hal.o(i.HAL_DBGMCU_EnableDBGStopMode), (16 bytes).
    Removing stm32l0xx_hal.o(i.HAL_DeInit), (40 bytes).
    Removing stm32l0xx_hal.o(i.HAL_GetDEVID), (16 bytes).
    Removing stm32l0xx_hal.o(i.HAL_GetHalVersion), (8 bytes).
    Removing stm32l0xx_hal.o(i.HAL_GetREVID), (12 bytes).
    Removing stm32l0xx_hal.o(i.HAL_MspDeInit), (2 bytes).
    Removing stm32l0xx_hal.o(i.HAL_MspInit), (2 bytes).
    Removing stm32l0xx_hal.o(i.HAL_SYSCFG_Disable_Lock_VREFINT), (16 bytes).
    Removing stm32l0xx_hal.o(i.HAL_SYSCFG_Enable_Lock_VREFINT), (16 bytes).
    Removing stm32l0xx_hal.o(i.HAL_SYSCFG_GetBootMode), (16 bytes).
    Removing stm32l0xx_hal.o(i.HAL_SYSCFG_VREFINT_OutputSelect), (104 bytes).
    Removing stm32l0xx_hal_cortex.o(.rev16_text), (4 bytes).
    Removing stm32l0xx_hal_cortex.o(.revsh_text), (4 bytes).
    Removing stm32l0xx_hal_cortex.o(i.HAL_MPU_ConfigRegion), (452 bytes).
    Removing stm32l0xx_hal_cortex.o(i.HAL_NVIC_ClearPendingIRQ), (20 bytes).
    Removing stm32l0xx_hal_cortex.o(i.HAL_NVIC_DisableIRQ), (96 bytes).
    Removing stm32l0xx_hal_cortex.o(i.HAL_NVIC_GetPendingIRQ), (28 bytes).
    Removing stm32l0xx_hal_cortex.o(i.HAL_NVIC_GetPriority), (60 bytes).
    Removing stm32l0xx_hal_cortex.o(i.HAL_NVIC_SetPendingIRQ), (20 bytes).
    Removing stm32l0xx_hal_cortex.o(i.HAL_NVIC_SystemReset), (28 bytes).
    Removing stm32l0xx_hal_dma.o(.rev16_text), (4 bytes).
    Removing stm32l0xx_hal_dma.o(.revsh_text), (4 bytes).
    Removing stm32l0xx_hal_dma.o(i.DMA_SetConfig), (36 bytes).
    Removing stm32l0xx_hal_dma.o(i.HAL_DMA_Abort), (84 bytes).
    Removing stm32l0xx_hal_dma.o(i.HAL_DMA_Abort_IT), (164 bytes).
    Removing stm32l0xx_hal_dma.o(i.HAL_DMA_DeInit), (504 bytes).
    Removing stm32l0xx_hal_dma.o(i.HAL_DMA_GetError), (4 bytes).
    Removing stm32l0xx_hal_dma.o(i.HAL_DMA_GetState), (6 bytes).
    Removing stm32l0xx_hal_dma.o(i.HAL_DMA_IRQHandler), (612 bytes).
    Removing stm32l0xx_hal_dma.o(i.HAL_DMA_Init), (636 bytes).
    Removing stm32l0xx_hal_dma.o(i.HAL_DMA_PollForTransfer), (616 bytes).
    Removing stm32l0xx_hal_dma.o(i.HAL_DMA_Start), (148 bytes).
    Removing stm32l0xx_hal_dma.o(i.HAL_DMA_Start_IT), (176 bytes).
    Removing stm32l0xx_hal_adc.o(.rev16_text), (4 bytes).
    Removing stm32l0xx_hal_adc.o(.revsh_text), (4 bytes).
    Removing stm32l0xx_hal_adc.o(i.ADC_ConversionStop), (168 bytes).
    Removing stm32l0xx_hal_adc.o(i.ADC_DMAConvCplt), (108 bytes).
    Removing stm32l0xx_hal_adc.o(i.ADC_DMAError), (26 bytes).
    Removing stm32l0xx_hal_adc.o(i.ADC_DMAHalfConvCplt), (10 bytes).
    Removing stm32l0xx_hal_adc.o(i.ADC_Disable), (118 bytes).
    Removing stm32l0xx_hal_adc.o(i.HAL_ADC_AnalogWDGConfig), (664 bytes).
    Removing stm32l0xx_hal_adc.o(i.HAL_ADC_ConvHalfCpltCallback), (2 bytes).
    Removing stm32l0xx_hal_adc.o(i.HAL_ADC_DeInit), (260 bytes).
    Removing stm32l0xx_hal_adc.o(i.HAL_ADC_GetError), (88 bytes).
    Removing stm32l0xx_hal_adc.o(i.HAL_ADC_GetState), (88 bytes).
    Removing stm32l0xx_hal_adc.o(i.HAL_ADC_MspDeInit), (2 bytes).
    Removing stm32l0xx_hal_adc.o(i.HAL_ADC_MspInit), (2 bytes).
    Removing stm32l0xx_hal_adc.o(i.HAL_ADC_PollForConversion), (276 bytes).
    Removing stm32l0xx_hal_adc.o(i.HAL_ADC_PollForEvent), (228 bytes).
    Removing stm32l0xx_hal_adc.o(i.HAL_ADC_Start), (180 bytes).
    Removing stm32l0xx_hal_adc.o(i.HAL_ADC_Start_DMA), (248 bytes).
    Removing stm32l0xx_hal_adc.o(i.HAL_ADC_Stop), (144 bytes).
    Removing stm32l0xx_hal_adc.o(i.HAL_ADC_Stop_DMA), (204 bytes).
    Removing stm32l0xx_hal_adc.o(i.HAL_ADC_Stop_IT), (152 bytes).
    Removing stm32l0xx_hal_i2c.o(.rev16_text), (4 bytes).
    Removing stm32l0xx_hal_i2c.o(.revsh_text), (4 bytes).
    Removing stm32l0xx_hal_i2c.o(i.HAL_I2C_AbortCpltCallback), (2 bytes).
    Removing stm32l0xx_hal_i2c.o(i.HAL_I2C_AddrCallback), (2 bytes).
    Removing stm32l0xx_hal_i2c.o(i.HAL_I2C_DeInit), (140 bytes).
    Removing stm32l0xx_hal_i2c.o(i.HAL_I2C_DisableListen_IT), (48 bytes).
    Removing stm32l0xx_hal_i2c.o(i.HAL_I2C_ER_IRQHandler), (88 bytes).
    Removing stm32l0xx_hal_i2c.o(i.HAL_I2C_EV_IRQHandler), (16 bytes).
    Removing stm32l0xx_hal_i2c.o(i.HAL_I2C_EnableListen_IT), (40 bytes).
    Removing stm32l0xx_hal_i2c.o(i.HAL_I2C_ErrorCallback), (2 bytes).
    Removing stm32l0xx_hal_i2c.o(i.HAL_I2C_GetError), (4 bytes).
    Removing stm32l0xx_hal_i2c.o(i.HAL_I2C_GetMode), (6 bytes).
    Removing stm32l0xx_hal_i2c.o(i.HAL_I2C_GetState), (6 bytes).
    Removing stm32l0xx_hal_i2c.o(i.HAL_I2C_Init), (448 bytes).
    Removing stm32l0xx_hal_i2c.o(i.HAL_I2C_IsDeviceReady), (340 bytes).
    Removing stm32l0xx_hal_i2c.o(i.HAL_I2C_ListenCpltCallback), (2 bytes).
    Removing stm32l0xx_hal_i2c.o(i.HAL_I2C_MasterRxCpltCallback), (2 bytes).
    Removing stm32l0xx_hal_i2c.o(i.HAL_I2C_MasterTxCpltCallback), (2 bytes).
    Removing stm32l0xx_hal_i2c.o(i.HAL_I2C_Master_Abort_IT), (92 bytes).
    Removing stm32l0xx_hal_i2c.o(i.HAL_I2C_Master_Receive), (360 bytes).
    Removing stm32l0xx_hal_i2c.o(i.HAL_I2C_Master_Receive_DMA), (248 bytes).
    Removing stm32l0xx_hal_i2c.o(i.HAL_I2C_Master_Receive_IT), (136 bytes).
    Removing stm32l0xx_hal_i2c.o(i.HAL_I2C_Master_Sequential_Receive_IT), (224 bytes).
    Removing stm32l0xx_hal_i2c.o(i.HAL_I2C_Master_Sequential_Transmit_IT), (224 bytes).
    Removing stm32l0xx_hal_i2c.o(i.HAL_I2C_Master_Transmit), (360 bytes).
    Removing stm32l0xx_hal_i2c.o(i.HAL_I2C_Master_Transmit_DMA), (252 bytes).
    Removing stm32l0xx_hal_i2c.o(i.HAL_I2C_Master_Transmit_IT), (136 bytes).
    Removing stm32l0xx_hal_i2c.o(i.HAL_I2C_MemRxCpltCallback), (2 bytes).
    Removing stm32l0xx_hal_i2c.o(i.HAL_I2C_MemTxCpltCallback), (2 bytes).
    Removing stm32l0xx_hal_i2c.o(i.HAL_I2C_Mem_Read), (496 bytes).
    Removing stm32l0xx_hal_i2c.o(i.HAL_I2C_Mem_Read_DMA), (364 bytes).
    Removing stm32l0xx_hal_i2c.o(i.HAL_I2C_Mem_Read_IT), (300 bytes).
    Removing stm32l0xx_hal_i2c.o(i.HAL_I2C_Mem_Write), (500 bytes).
    Removing stm32l0xx_hal_i2c.o(i.HAL_I2C_Mem_Write_DMA), (360 bytes).
    Removing stm32l0xx_hal_i2c.o(i.HAL_I2C_Mem_Write_IT), (296 bytes).
    Removing stm32l0xx_hal_i2c.o(i.HAL_I2C_MspDeInit), (2 bytes).
    Removing stm32l0xx_hal_i2c.o(i.HAL_I2C_MspInit), (2 bytes).
    Removing stm32l0xx_hal_i2c.o(i.HAL_I2C_SlaveRxCpltCallback), (2 bytes).
    Removing stm32l0xx_hal_i2c.o(i.HAL_I2C_SlaveTxCpltCallback), (2 bytes).
    Removing stm32l0xx_hal_i2c.o(i.HAL_I2C_Slave_Receive), (360 bytes).
    Removing stm32l0xx_hal_i2c.o(i.HAL_I2C_Slave_Receive_DMA), (160 bytes).
    Removing stm32l0xx_hal_i2c.o(i.HAL_I2C_Slave_Receive_IT), (92 bytes).
    Removing stm32l0xx_hal_i2c.o(i.HAL_I2C_Slave_Sequential_Receive_IT), (244 bytes).
    Removing stm32l0xx_hal_i2c.o(i.HAL_I2C_Slave_Sequential_Transmit_IT), (244 bytes).
    Removing stm32l0xx_hal_i2c.o(i.HAL_I2C_Slave_Transmit), (378 bytes).
    Removing stm32l0xx_hal_i2c.o(i.HAL_I2C_Slave_Transmit_DMA), (160 bytes).
    Removing stm32l0xx_hal_i2c.o(i.HAL_I2C_Slave_Transmit_IT), (92 bytes).
    Removing stm32l0xx_hal_i2c.o(i.I2C_DMAAbort), (52 bytes).
    Removing stm32l0xx_hal_i2c.o(i.I2C_DMAError), (24 bytes).
    Removing stm32l0xx_hal_i2c.o(i.I2C_DMAMasterReceiveCplt), (78 bytes).
    Removing stm32l0xx_hal_i2c.o(i.I2C_DMAMasterTransmitCplt), (78 bytes).
    Removing stm32l0xx_hal_i2c.o(i.I2C_DMASlaveReceiveCplt), (2 bytes).
    Removing stm32l0xx_hal_i2c.o(i.I2C_DMASlaveTransmitCplt), (2 bytes).
    Removing stm32l0xx_hal_i2c.o(i.I2C_Disable_IRQ), (96 bytes).
    Removing stm32l0xx_hal_i2c.o(i.I2C_Enable_IRQ), (108 bytes).
    Removing stm32l0xx_hal_i2c.o(i.I2C_Flush_TXDR), (34 bytes).
    Removing stm32l0xx_hal_i2c.o(i.I2C_ITAddrCplt), (152 bytes).
    Removing stm32l0xx_hal_i2c.o(i.I2C_ITError), (208 bytes).
    Removing stm32l0xx_hal_i2c.o(i.I2C_ITListenCplt), (92 bytes).
    Removing stm32l0xx_hal_i2c.o(i.I2C_ITMasterCplt), (172 bytes).
    Removing stm32l0xx_hal_i2c.o(i.I2C_ITMasterSequentialCplt), (72 bytes).
    Removing stm32l0xx_hal_i2c.o(i.I2C_ITSlaveCplt), (244 bytes).
    Removing stm32l0xx_hal_i2c.o(i.I2C_ITSlaveSequentialCplt), (74 bytes).
    Removing stm32l0xx_hal_i2c.o(i.I2C_IsAcknowledgeFailed), (128 bytes).
    Removing stm32l0xx_hal_i2c.o(i.I2C_Master_ISR_DMA), (202 bytes).
    Removing stm32l0xx_hal_i2c.o(i.I2C_Master_ISR_IT), (336 bytes).
    Removing stm32l0xx_hal_i2c.o(i.I2C_RequestMemoryRead), (136 bytes).
    Removing stm32l0xx_hal_i2c.o(i.I2C_RequestMemoryWrite), (136 bytes).
    Removing stm32l0xx_hal_i2c.o(i.I2C_Slave_ISR_DMA), (108 bytes).
    Removing stm32l0xx_hal_i2c.o(i.I2C_Slave_ISR_IT), (292 bytes).
    Removing stm32l0xx_hal_i2c.o(i.I2C_TransferConfig), (216 bytes).
    Removing stm32l0xx_hal_i2c.o(i.I2C_WaitOnFlagUntilTimeout), (90 bytes).
    Removing stm32l0xx_hal_i2c.o(i.I2C_WaitOnRXNEFlagUntilTimeout), (132 bytes).
    Removing stm32l0xx_hal_i2c.o(i.I2C_WaitOnSTOPFlagUntilTimeout), (86 bytes).
    Removing stm32l0xx_hal_i2c.o(i.I2C_WaitOnTXISFlagUntilTimeout), (90 bytes).
    Removing stm32l0xx_hal_rcc.o(.rev16_text), (4 bytes).
    Removing stm32l0xx_hal_rcc.o(.revsh_text), (4 bytes).
    Removing stm32l0xx_hal_rcc.o(i.HAL_RCC_CSSCallback), (2 bytes).
    Removing stm32l0xx_hal_rcc.o(i.HAL_RCC_DeInit), (112 bytes).
    Removing stm32l0xx_hal_rcc.o(i.HAL_RCC_EnableCSS), (20 bytes).
    Removing stm32l0xx_hal_rcc.o(i.HAL_RCC_GetClockConfig), (156 bytes).
    Removing stm32l0xx_hal_rcc.o(i.HAL_RCC_GetOscConfig), (272 bytes).
    Removing stm32l0xx_hal_rcc.o(i.HAL_RCC_GetPCLK1Freq), (32 bytes).
    Removing stm32l0xx_hal_rcc.o(i.HAL_RCC_GetPCLK2Freq), (32 bytes).
    Removing stm32l0xx_hal_rcc.o(i.HAL_RCC_MCOConfig), (320 bytes).
    Removing stm32l0xx_hal_rcc.o(i.HAL_RCC_NMI_IRQHandler), (24 bytes).
    Removing stm32l0xx_hal_gpio.o(.rev16_text), (4 bytes).
    Removing stm32l0xx_hal_gpio.o(.revsh_text), (4 bytes).
    Removing stm32l0xx_hal_gpio.o(i.HAL_GPIO_DeInit), (380 bytes).
    Removing stm32l0xx_hal_gpio.o(i.HAL_GPIO_EXTI_Callback), (2 bytes).
    Removing stm32l0xx_hal_gpio.o(i.HAL_GPIO_EXTI_IRQHandler), (24 bytes).
    Removing stm32l0xx_hal_gpio.o(i.HAL_GPIO_LockPin), (196 bytes).
    Removing stm32l0xx_hal_gpio.o(i.HAL_GPIO_ReadPin), (172 bytes).
    Removing stm32l0xx_hal_gpio.o(i.HAL_GPIO_TogglePin), (164 bytes).
    Removing stm32l0xx_hal_i2c_ex.o(.rev16_text), (4 bytes).
    Removing stm32l0xx_hal_i2c_ex.o(.revsh_text), (4 bytes).
    Removing stm32l0xx_hal_i2c_ex.o(i.HAL_I2CEx_ConfigAnalogFilter), (192 bytes).
    Removing stm32l0xx_hal_i2c_ex.o(i.HAL_I2CEx_ConfigDigitalFilter), (184 bytes).
    Removing stm32l0xx_hal_i2c_ex.o(i.HAL_I2CEx_DisableFastModePlus), (148 bytes).
    Removing stm32l0xx_hal_i2c_ex.o(i.HAL_I2CEx_DisableWakeUp), (152 bytes).
    Removing stm32l0xx_hal_i2c_ex.o(i.HAL_I2CEx_EnableFastModePlus), (148 bytes).
    Removing stm32l0xx_hal_i2c_ex.o(i.HAL_I2CEx_EnableWakeUp), (152 bytes).
    Removing stm32l0xx_hal_uart.o(.rev16_text), (4 bytes).
    Removing stm32l0xx_hal_uart.o(.revsh_text), (4 bytes).
    Removing stm32l0xx_hal_pwr.o(.rev16_text), (4 bytes).
    Removing stm32l0xx_hal_pwr.o(.revsh_text), (4 bytes).
    Removing stm32l0xx_hal_pwr.o(i.HAL_PWR_ConfigPVD), (268 bytes).
    Removing stm32l0xx_hal_pwr.o(i.HAL_PWR_DeInit), (24 bytes).
    Removing stm32l0xx_hal_pwr.o(i.HAL_PWR_DisableBkUpAccess), (16 bytes).
    Removing stm32l0xx_hal_pwr.o(i.HAL_PWR_DisablePVD), (16 bytes).
    Removing stm32l0xx_hal_pwr.o(i.HAL_PWR_DisableSEVOnPend), (16 bytes).
    Removing stm32l0xx_hal_pwr.o(i.HAL_PWR_DisableSleepOnExit), (16 bytes).
    Removing stm32l0xx_hal_pwr.o(i.HAL_PWR_DisableWakeUpPin), (100 bytes).
    Removing stm32l0xx_hal_pwr.o(i.HAL_PWR_EnableBkUpAccess), (16 bytes).
    Removing stm32l0xx_hal_pwr.o(i.HAL_PWR_EnablePVD), (16 bytes).
    Removing stm32l0xx_hal_pwr.o(i.HAL_PWR_EnableSEVOnPend), (16 bytes).
    Removing stm32l0xx_hal_pwr.o(i.HAL_PWR_EnableSleepOnExit), (16 bytes).
    Removing stm32l0xx_hal_pwr.o(i.HAL_PWR_EnableWakeUpPin), (100 bytes).
    Removing stm32l0xx_hal_pwr.o(i.HAL_PWR_EnterSLEEPMode), (144 bytes).
    Removing stm32l0xx_hal_pwr.o(i.HAL_PWR_EnterSTANDBYMode), (32 bytes).
    Removing stm32l0xx_hal_pwr.o(i.HAL_PWR_PVDCallback), (2 bytes).
    Removing stm32l0xx_hal_pwr.o(i.HAL_PWR_PVD_IRQHandler), (28 bytes).
    Removing stm32l0xx_hal_flash.o(.rev16_text), (4 bytes).
    Removing stm32l0xx_hal_flash.o(.revsh_text), (4 bytes).
    Removing stm32l0xx_hal_flash.o(i.FLASH_SetErrorCode), (144 bytes).
    Removing stm32l0xx_hal_flash.o(i.FLASH_WaitForLastOperation), (116 bytes).
    Removing stm32l0xx_hal_flash.o(i.HAL_FLASH_EndOfOperationCallback), (2 bytes).
    Removing stm32l0xx_hal_flash.o(i.HAL_FLASH_GetError), (12 bytes).
    Removing stm32l0xx_hal_flash.o(i.HAL_FLASH_IRQHandler), (220 bytes).
    Removing stm32l0xx_hal_flash.o(i.HAL_FLASH_Lock), (20 bytes).
    Removing stm32l0xx_hal_flash.o(i.HAL_FLASH_OB_Launch), (32 bytes).
    Removing stm32l0xx_hal_flash.o(i.HAL_FLASH_OB_Lock), (20 bytes).
    Removing stm32l0xx_hal_flash.o(i.HAL_FLASH_OB_Unlock), (60 bytes).
    Removing stm32l0xx_hal_flash.o(i.HAL_FLASH_OperationErrorCallback), (2 bytes).
    Removing stm32l0xx_hal_flash.o(i.HAL_FLASH_Program), (168 bytes).
    Removing stm32l0xx_hal_flash.o(i.HAL_FLASH_Program_IT), (180 bytes).
    Removing stm32l0xx_hal_flash.o(i.HAL_FLASH_Unlock), (60 bytes).
    Removing stm32l0xx_hal_flash.o(.bss), (24 bytes).
    Removing stm32l0xx_hal_rcc_ex.o(.rev16_text), (4 bytes).
    Removing stm32l0xx_hal_rcc_ex.o(.revsh_text), (4 bytes).
    Removing stm32l0xx_hal_rcc_ex.o(i.HAL_RCCEx_CRSConfig), (324 bytes).
    Removing stm32l0xx_hal_rcc_ex.o(i.HAL_RCCEx_CRSGetSynchronizationInfo), (120 bytes).
    Removing stm32l0xx_hal_rcc_ex.o(i.HAL_RCCEx_CRSSoftwareSynchronizationGenerate), (16 bytes).
    Removing stm32l0xx_hal_rcc_ex.o(i.HAL_RCCEx_CRSWaitSynchronization), (124 bytes).
    Removing stm32l0xx_hal_rcc_ex.o(i.HAL_RCCEx_CRS_ErrorCallback), (2 bytes).
    Removing stm32l0xx_hal_rcc_ex.o(i.HAL_RCCEx_CRS_ExpectedSyncCallback), (2 bytes).
    Removing stm32l0xx_hal_rcc_ex.o(i.HAL_RCCEx_CRS_IRQHandler), (112 bytes).
    Removing stm32l0xx_hal_rcc_ex.o(i.HAL_RCCEx_CRS_SyncOkCallback), (2 bytes).
    Removing stm32l0xx_hal_rcc_ex.o(i.HAL_RCCEx_CRS_SyncWarnCallback), (2 bytes).
    Removing stm32l0xx_hal_rcc_ex.o(i.HAL_RCCEx_DisableHSI48_VREFINT), (16 bytes).
    Removing stm32l0xx_hal_rcc_ex.o(i.HAL_RCCEx_DisableLSECSS), (32 bytes).
    Removing stm32l0xx_hal_rcc_ex.o(i.HAL_RCCEx_EnableHSI48_VREFINT), (16 bytes).
    Removing stm32l0xx_hal_rcc_ex.o(i.HAL_RCCEx_EnableLSECSS), (20 bytes).
    Removing stm32l0xx_hal_rcc_ex.o(i.HAL_RCCEx_EnableLSECSS_IT), (56 bytes).
    Removing stm32l0xx_hal_rcc_ex.o(i.HAL_RCCEx_GetPeriphCLKConfig), (116 bytes).
    Removing stm32l0xx_hal_rcc_ex.o(i.HAL_RCCEx_GetPeriphCLKFreq), (624 bytes).
    Removing stm32l0xx_hal_rcc_ex.o(i.HAL_RCCEx_LSECSS_Callback), (2 bytes).
    Removing stm32l0xx_hal_rcc_ex.o(i.HAL_RCCEx_LSECSS_IRQHandler), (24 bytes).
    Removing stm32l0xx_hal_pwr_ex.o(.rev16_text), (4 bytes).
    Removing stm32l0xx_hal_pwr_ex.o(.revsh_text), (4 bytes).
    Removing stm32l0xx_hal_pwr_ex.o(i.HAL_PWREx_DisableFastWakeUp), (16 bytes).
    Removing stm32l0xx_hal_pwr_ex.o(i.HAL_PWREx_DisableLowPowerRunMode), (76 bytes).
    Removing stm32l0xx_hal_pwr_ex.o(i.HAL_PWREx_DisableUltraLowPower), (16 bytes).
    Removing stm32l0xx_hal_pwr_ex.o(i.HAL_PWREx_EnableFastWakeUp), (16 bytes).
    Removing stm32l0xx_hal_pwr_ex.o(i.HAL_PWREx_EnableLowPowerRunMode), (24 bytes).
    Removing stm32l0xx_hal_pwr_ex.o(i.HAL_PWREx_EnableUltraLowPower), (16 bytes).
    Removing stm32l0xx_hal_pwr_ex.o(i.HAL_PWREx_GetVoltageRange), (16 bytes).
    Removing stm32l0xx_hal_flash_ex.o(.rev16_text), (4 bytes).
    Removing stm32l0xx_hal_flash_ex.o(.revsh_text), (4 bytes).
    Removing stm32l0xx_hal_flash_ex.o(i.FLASH_OB_BOOTBit1Config), (144 bytes).
    Removing stm32l0xx_hal_flash_ex.o(i.FLASH_OB_BORConfig), (164 bytes).
    Removing stm32l0xx_hal_flash_ex.o(i.FLASH_OB_GetBOOTBit1), (12 bytes).
    Removing stm32l0xx_hal_flash_ex.o(i.FLASH_OB_GetBOR), (16 bytes).
    Removing stm32l0xx_hal_flash_ex.o(i.FLASH_OB_GetRDP), (12 bytes).
    Removing stm32l0xx_hal_flash_ex.o(i.FLASH_OB_GetUser), (16 bytes).
    Removing stm32l0xx_hal_flash_ex.o(i.FLASH_OB_GetWRP), (12 bytes).
    Removing stm32l0xx_hal_flash_ex.o(i.FLASH_OB_ProtectedSectorsConfig), (92 bytes).
    Removing stm32l0xx_hal_flash_ex.o(i.FLASH_OB_RDPConfig), (148 bytes).
    Removing stm32l0xx_hal_flash_ex.o(i.FLASH_OB_UserConfig), (192 bytes).
    Removing stm32l0xx_hal_flash_ex.o(i.FLASH_PageErase), (44 bytes).
    Removing stm32l0xx_hal_flash_ex.o(i.HAL_FLASHEx_AdvOBGetConfig), (24 bytes).
    Removing stm32l0xx_hal_flash_ex.o(i.HAL_FLASHEx_AdvOBProgram), (128 bytes).
    Removing stm32l0xx_hal_flash_ex.o(i.HAL_FLASHEx_DATAEEPROM_DisableFixedTimeProgram), (16 bytes).
    Removing stm32l0xx_hal_flash_ex.o(i.HAL_FLASHEx_DATAEEPROM_EnableFixedTimeProgram), (16 bytes).
    Removing stm32l0xx_hal_flash_ex.o(i.HAL_FLASHEx_DATAEEPROM_Erase), (132 bytes).
    Removing stm32l0xx_hal_flash_ex.o(i.HAL_FLASHEx_DATAEEPROM_Lock), (20 bytes).
    Removing stm32l0xx_hal_flash_ex.o(i.HAL_FLASHEx_DATAEEPROM_Program), (208 bytes).
    Removing stm32l0xx_hal_flash_ex.o(i.HAL_FLASHEx_DATAEEPROM_Unlock), (36 bytes).
    Removing stm32l0xx_hal_flash_ex.o(i.HAL_FLASHEx_Erase), (312 bytes).
    Removing stm32l0xx_hal_flash_ex.o(i.HAL_FLASHEx_Erase_IT), (276 bytes).
    Removing stm32l0xx_hal_flash_ex.o(i.HAL_FLASHEx_OBGetConfig), (40 bytes).
    Removing stm32l0xx_hal_flash_ex.o(i.HAL_FLASHEx_OBProgram), (264 bytes).
    Removing stm32l0xx_hal_flash_ex.o(i.HAL_FLASHEx_OB_DeSelectPCROP), (60 bytes).
    Removing stm32l0xx_hal_flash_ex.o(i.HAL_FLASHEx_OB_SelectPCROP), (64 bytes).
    Removing stm32l0xx_hal_lcd.o(.rev16_text), (4 bytes).
    Removing stm32l0xx_hal_lcd.o(.revsh_text), (4 bytes).
    Removing stm32l0xx_hal_lcd.o(i.HAL_LCD_Clear), (122 bytes).
    Removing stm32l0xx_hal_lcd.o(i.HAL_LCD_DeInit), (148 bytes).
    Removing stm32l0xx_hal_lcd.o(i.HAL_LCD_GetError), (4 bytes).
    Removing stm32l0xx_hal_lcd.o(i.HAL_LCD_GetState), (6 bytes).
    Removing stm32l0xx_hal_lcd.o(i.HAL_LCD_MspDeInit), (2 bytes).
    Removing stm32l0xx_hal_lcd.o(i.HAL_LCD_MspInit), (2 bytes).
    Removing stm32l0xx_hal_adc_ex.o(.rev16_text), (4 bytes).
    Removing stm32l0xx_hal_adc_ex.o(.revsh_text), (4 bytes).
    Removing stm32l0xx_hal_adc_ex.o(i.HAL_ADCEx_Calibration_GetValue), (112 bytes).
    Removing stm32l0xx_hal_adc_ex.o(i.HAL_ADCEx_Calibration_SetValue), (204 bytes).
    Removing stm32l0xx_hal_adc_ex.o(i.HAL_ADCEx_DisableVREFINT), (16 bytes).
    Removing stm32l0xx_hal_adc_ex.o(i.HAL_ADCEx_DisableVREFINTTempSensor), (16 bytes).
    Removing stm32l0xx_hal_adc_ex.o(i.HAL_ADCEx_EnableVREFINT), (52 bytes).
    Removing stm32l0xx_hal_adc_ex.o(i.HAL_ADCEx_EnableVREFINTTempSensor), (52 bytes).
    Removing stm32l0xx_hal_uart_ex.o(.rev16_text), (4 bytes).
    Removing stm32l0xx_hal_uart_ex.o(.revsh_text), (4 bytes).
    Removing stm32l0xx_hal_rtc.o(.rev16_text), (4 bytes).
    Removing stm32l0xx_hal_rtc.o(.revsh_text), (4 bytes).
    Removing stm32l0xx_hal_rtc.o(i.HAL_RTC_AlarmAEventCallback), (2 bytes).
    Removing stm32l0xx_hal_rtc.o(i.HAL_RTC_AlarmIRQHandler), (96 bytes).
    Removing stm32l0xx_hal_rtc.o(i.HAL_RTC_DeInit), (312 bytes).
    Removing stm32l0xx_hal_rtc.o(i.HAL_RTC_DeactivateAlarm), (296 bytes).
    Removing stm32l0xx_hal_rtc.o(i.HAL_RTC_GetAlarm), (292 bytes).
    Removing stm32l0xx_hal_rtc.o(i.HAL_RTC_GetDate), (148 bytes).
    Removing stm32l0xx_hal_rtc.o(i.HAL_RTC_GetState), (6 bytes).
    Removing stm32l0xx_hal_rtc.o(i.HAL_RTC_GetTime), (168 bytes).
    Removing stm32l0xx_hal_rtc.o(i.HAL_RTC_MspDeInit), (2 bytes).
    Removing stm32l0xx_hal_rtc.o(i.HAL_RTC_MspInit), (2 bytes).
    Removing stm32l0xx_hal_rtc.o(i.HAL_RTC_PollForAlarmAEvent), (80 bytes).
    Removing stm32l0xx_hal_rtc.o(i.HAL_RTC_SetAlarm), (1064 bytes).
    Removing stm32l0xx_hal_rtc.o(i.HAL_RTC_SetAlarm_IT), (1112 bytes).
    Removing stm32l0xx_hal_flash_ramfunc.o(.rev16_text), (4 bytes).
    Removing stm32l0xx_hal_flash_ramfunc.o(.revsh_text), (4 bytes).
    Removing stm32l0xx_hal_flash_ramfunc.o(i.FLASHRAM_SetErrorCode), (148 bytes).
    Removing stm32l0xx_hal_flash_ramfunc.o(i.FLASHRAM_WaitForLastOperation), (96 bytes).
    Removing stm32l0xx_hal_flash_ramfunc.o(i.HAL_FLASHEx_DisableRunPowerDown), (36 bytes).
    Removing stm32l0xx_hal_flash_ramfunc.o(i.HAL_FLASHEx_EnableRunPowerDown), (36 bytes).
    Removing stm32l0xx_hal_flash_ramfunc.o(i.HAL_FLASHEx_GetError), (16 bytes).
    Removing stm32l0xx_hal_flash_ramfunc.o(i.HAL_FLASHEx_HalfPageProgram), (88 bytes).
    Removing system_stm32l0xx.o(.rev16_text), (4 bytes).
    Removing system_stm32l0xx.o(.revsh_text), (4 bytes).
    Removing system_stm32l0xx.o(i.SystemCoreClockUpdate), (176 bytes).
    Removing system_stm32l0xx.o(.constdata), (8 bytes).
    Removing startup_stm32l053xx.o(HEAP), (512 bytes).
    Removing fadd.o(.text), (178 bytes).

364 unused section(s) (total 37174 bytes) removed from the image.

==============================================================================

Image Symbol Table

    Local Symbols

    Symbol Name                              Value     Ov Type        Size  Object(Section)

    ../Drivers/CMSIS/Device/ST/STM32L0xx/Source/Templates/arm/startup_stm32l053xx.s 0x00000000   Number         0  startup_stm32l053xx.o ABSOLUTE
    ../Drivers/CMSIS/Device/ST/STM32L0xx/Source/Templates/system_stm32l0xx.c 0x00000000   Number         0  system_stm32l0xx.o ABSOLUTE
    ../Drivers/STM32L0xx_HAL_Driver/Src/stm32l0xx_hal.c 0x00000000   Number         0  stm32l0xx_hal.o ABSOLUTE
    ../Drivers/STM32L0xx_HAL_Driver/Src/stm32l0xx_hal_adc.c 0x00000000   Number         0  stm32l0xx_hal_adc.o ABSOLUTE
    ../Drivers/STM32L0xx_HAL_Driver/Src/stm32l0xx_hal_adc_ex.c 0x00000000   Number         0  stm32l0xx_hal_adc_ex.o ABSOLUTE
    ../Drivers/STM32L0xx_HAL_Driver/Src/stm32l0xx_hal_cortex.c 0x00000000   Number         0  stm32l0xx_hal_cortex.o ABSOLUTE
    ../Drivers/STM32L0xx_HAL_Driver/Src/stm32l0xx_hal_dma.c 0x00000000   Number         0  stm32l0xx_hal_dma.o ABSOLUTE
    ../Drivers/STM32L0xx_HAL_Driver/Src/stm32l0xx_hal_flash.c 0x00000000   Number         0  stm32l0xx_hal_flash.o ABSOLUTE
    ../Drivers/STM32L0xx_HAL_Driver/Src/stm32l0xx_hal_flash_ex.c 0x00000000   Number         0  stm32l0xx_hal_flash_ex.o ABSOLUTE
    ../Drivers/STM32L0xx_HAL_Driver/Src/stm32l0xx_hal_flash_ramfunc.c 0x00000000   Number         0  stm32l0xx_hal_flash_ramfunc.o ABSOLUTE
    ../Drivers/STM32L0xx_HAL_Driver/Src/stm32l0xx_hal_gpio.c 0x00000000   Number         0  stm32l0xx_hal_gpio.o ABSOLUTE
    ../Drivers/STM32L0xx_HAL_Driver/Src/stm32l0xx_hal_i2c.c 0x00000000   Number         0  stm32l0xx_hal_i2c.o ABSOLUTE
    ../Drivers/STM32L0xx_HAL_Driver/Src/stm32l0xx_hal_i2c_ex.c 0x00000000   Number         0  stm32l0xx_hal_i2c_ex.o ABSOLUTE
    ../Drivers/STM32L0xx_HAL_Driver/Src/stm32l0xx_hal_lcd.c 0x00000000   Number         0  stm32l0xx_hal_lcd.o ABSOLUTE
    ../Drivers/STM32L0xx_HAL_Driver/Src/stm32l0xx_hal_pwr.c 0x00000000   Number         0  stm32l0xx_hal_pwr.o ABSOLUTE
    ../Drivers/STM32L0xx_HAL_Driver/Src/stm32l0xx_hal_pwr_ex.c 0x00000000   Number         0  stm32l0xx_hal_pwr_ex.o ABSOLUTE
    ../Drivers/STM32L0xx_HAL_Driver/Src/stm32l0xx_hal_rcc.c 0x00000000   Number         0  stm32l0xx_hal_rcc.o ABSOLUTE
    ../Drivers/STM32L0xx_HAL_Driver/Src/stm32l0xx_hal_rcc_ex.c 0x00000000   Number         0  stm32l0xx_hal_rcc_ex.o ABSOLUTE
    ../Drivers/STM32L0xx_HAL_Driver/Src/stm32l0xx_hal_rtc.c 0x00000000   Number         0  stm32l0xx_hal_rtc.o ABSOLUTE
    ../Drivers/STM32L0xx_HAL_Driver/Src/stm32l0xx_hal_rtc_ex.c 0x00000000   Number         0  stm32l0xx_hal_rtc_ex.o ABSOLUTE
    ../Drivers/STM32L0xx_HAL_Driver/Src/stm32l0xx_hal_uart.c 0x00000000   Number         0  stm32l0xx_hal_uart.o ABSOLUTE
    ../Drivers/STM32L0xx_HAL_Driver/Src/stm32l0xx_hal_uart_ex.c 0x00000000   Number         0  stm32l0xx_hal_uart_ex.o ABSOLUTE
    ../Src/adc.c                             0x00000000   Number         0  adc.o ABSOLUTE
    ../Src/gpio.c                            0x00000000   Number         0  gpio.o ABSOLUTE
    ../Src/lcd.c                             0x00000000   Number         0  lcd.o ABSOLUTE
    ../Src/main.c                            0x00000000   Number         0  main.o ABSOLUTE
    ../Src/rtc.c                             0x00000000   Number         0  rtc.o ABSOLUTE
    ../Src/stm32l0xx_hal_msp.c               0x00000000   Number         0  stm32l0xx_hal_msp.o ABSOLUTE
    ../Src/stm32l0xx_it.c                    0x00000000   Number         0  stm32l0xx_it.o ABSOLUTE
    ../clib/microlib/division.c              0x00000000   Number         0  uidiv.o ABSOLUTE
    ../clib/microlib/division.c              0x00000000   Number         0  idiv.o ABSOLUTE
    ../clib/microlib/init/entry.s            0x00000000   Number         0  entry10a.o ABSOLUTE
    ../clib/microlib/init/entry.s            0x00000000   Number         0  entry9b.o ABSOLUTE
    ../clib/microlib/init/entry.s            0x00000000   Number         0  entry.o ABSOLUTE
    ../clib/microlib/init/entry.s            0x00000000   Number         0  entry2.o ABSOLUTE
    ../clib/microlib/init/entry.s            0x00000000   Number         0  entry5.o ABSOLUTE
    ../clib/microlib/init/entry.s            0x00000000   Number         0  entry7a.o ABSOLUTE
    ../clib/microlib/init/entry.s            0x00000000   Number         0  entry7b.o ABSOLUTE
    ../clib/microlib/init/entry.s            0x00000000   Number         0  entry8a.o ABSOLUTE
    ../clib/microlib/init/entry.s            0x00000000   Number         0  entry9a.o ABSOLUTE
    ../clib/microlib/init/entry.s            0x00000000   Number         0  entry11b.o ABSOLUTE
    ../clib/microlib/init/entry.s            0x00000000   Number         0  entry8b.o ABSOLUTE
    ../clib/microlib/init/entry.s            0x00000000   Number         0  entry11a.o ABSOLUTE
    ../clib/microlib/init/entry.s            0x00000000   Number         0  entry10b.o ABSOLUTE
    ../clib/microlib/stubs.s                 0x00000000   Number         0  iusefp.o ABSOLUTE
    ../fplib/microlib/fpadd.c                0x00000000   Number         0  fadd.o ABSOLUTE
    ../fplib/microlib/fpdiv.c                0x00000000   Number         0  fdiv.o ABSOLUTE
    ../fplib/microlib/fpepilogue.c           0x00000000   Number         0  fepilogue.o ABSOLUTE
    ../fplib/microlib/fpfix.c                0x00000000   Number         0  ffixui.o ABSOLUTE
    ../fplib/microlib/fpflt.c                0x00000000   Number         0  fflti.o ABSOLUTE
    ../fplib/microlib/fpflt.c                0x00000000   Number         0  ffltui.o ABSOLUTE
    ../fplib/microlib/fpmul.c                0x00000000   Number         0  fmul.o ABSOLUTE
    ../fplib/microlib/fpscalb.c              0x00000000   Number         0  fscalb.o ABSOLUTE
    ..\Drivers\CMSIS\Device\ST\STM32L0xx\Source\Templates\system_stm32l0xx.c 0x00000000   Number         0  system_stm32l0xx.o ABSOLUTE
    ..\Drivers\STM32L0xx_HAL_Driver\Src\stm32l0xx_hal.c 0x00000000   Number         0  stm32l0xx_hal.o ABSOLUTE
    ..\Drivers\STM32L0xx_HAL_Driver\Src\stm32l0xx_hal_adc.c 0x00000000   Number         0  stm32l0xx_hal_adc.o ABSOLUTE
    ..\Drivers\STM32L0xx_HAL_Driver\Src\stm32l0xx_hal_adc_ex.c 0x00000000   Number         0  stm32l0xx_hal_adc_ex.o ABSOLUTE
    ..\Drivers\STM32L0xx_HAL_Driver\Src\stm32l0xx_hal_cortex.c 0x00000000   Number         0  stm32l0xx_hal_cortex.o ABSOLUTE
    ..\Drivers\STM32L0xx_HAL_Driver\Src\stm32l0xx_hal_dma.c 0x00000000   Number         0  stm32l0xx_hal_dma.o ABSOLUTE
    ..\Drivers\STM32L0xx_HAL_Driver\Src\stm32l0xx_hal_flash.c 0x00000000   Number         0  stm32l0xx_hal_flash.o ABSOLUTE
    ..\Drivers\STM32L0xx_HAL_Driver\Src\stm32l0xx_hal_flash_ex.c 0x00000000   Number         0  stm32l0xx_hal_flash_ex.o ABSOLUTE
    ..\Drivers\STM32L0xx_HAL_Driver\Src\stm32l0xx_hal_flash_ramfunc.c 0x00000000   Number         0  stm32l0xx_hal_flash_ramfunc.o ABSOLUTE
    ..\Drivers\STM32L0xx_HAL_Driver\Src\stm32l0xx_hal_gpio.c 0x00000000   Number         0  stm32l0xx_hal_gpio.o ABSOLUTE
    ..\Drivers\STM32L0xx_HAL_Driver\Src\stm32l0xx_hal_i2c.c 0x00000000   Number         0  stm32l0xx_hal_i2c.o ABSOLUTE
    ..\Drivers\STM32L0xx_HAL_Driver\Src\stm32l0xx_hal_i2c_ex.c 0x00000000   Number         0  stm32l0xx_hal_i2c_ex.o ABSOLUTE
    ..\Drivers\STM32L0xx_HAL_Driver\Src\stm32l0xx_hal_lcd.c 0x00000000   Number         0  stm32l0xx_hal_lcd.o ABSOLUTE
    ..\Drivers\STM32L0xx_HAL_Driver\Src\stm32l0xx_hal_pwr.c 0x00000000   Number         0  stm32l0xx_hal_pwr.o ABSOLUTE
    ..\Drivers\STM32L0xx_HAL_Driver\Src\stm32l0xx_hal_pwr_ex.c 0x00000000   Number         0  stm32l0xx_hal_pwr_ex.o ABSOLUTE
    ..\Drivers\STM32L0xx_HAL_Driver\Src\stm32l0xx_hal_rcc.c 0x00000000   Number         0  stm32l0xx_hal_rcc.o ABSOLUTE
    ..\Drivers\STM32L0xx_HAL_Driver\Src\stm32l0xx_hal_rcc_ex.c 0x00000000   Number         0  stm32l0xx_hal_rcc_ex.o ABSOLUTE
    ..\Drivers\STM32L0xx_HAL_Driver\Src\stm32l0xx_hal_rtc.c 0x00000000   Number         0  stm32l0xx_hal_rtc.o ABSOLUTE
    ..\Drivers\STM32L0xx_HAL_Driver\Src\stm32l0xx_hal_rtc_ex.c 0x00000000   Number         0  stm32l0xx_hal_rtc_ex.o ABSOLUTE
    ..\Drivers\STM32L0xx_HAL_Driver\Src\stm32l0xx_hal_uart.c 0x00000000   Number         0  stm32l0xx_hal_uart.o ABSOLUTE
    ..\Drivers\STM32L0xx_HAL_Driver\Src\stm32l0xx_hal_uart_ex.c 0x00000000   Number         0  stm32l0xx_hal_uart_ex.o ABSOLUTE
    ..\Src\LcdManagement.c                   0x00000000   Number         0  lcdmanagement.o ABSOLUTE
    ..\Src\LowPowerManagement.c              0x00000000   Number         0  lowpowermanagement.o ABSOLUTE
    ..\Src\SensorTemperature.c               0x00000000   Number         0  sensortemperature.o ABSOLUTE
    ..\Src\adc.c                             0x00000000   Number         0  adc.o ABSOLUTE
    ..\Src\adcManagement.c                   0x00000000   Number         0  adcmanagement.o ABSOLUTE
    ..\Src\gpio.c                            0x00000000   Number         0  gpio.o ABSOLUTE
    ..\Src\lcd.c                             0x00000000   Number         0  lcd.o ABSOLUTE
    ..\Src\main.c                            0x00000000   Number         0  main.o ABSOLUTE
    ..\Src\rtc.c                             0x00000000   Number         0  rtc.o ABSOLUTE
    ..\Src\stm32l0xx_hal_msp.c               0x00000000   Number         0  stm32l0xx_hal_msp.o ABSOLUTE
    ..\Src\stm32l0xx_it.c                    0x00000000   Number         0  stm32l0xx_it.o ABSOLUTE
    ..\Src\user.c                            0x00000000   Number         0  user.o ABSOLUTE
    ..\\Src\\LcdManagement.c                 0x00000000   Number         0  lcdmanagement.o ABSOLUTE
    ..\\Src\\LowPowerManagement.c            0x00000000   Number         0  lowpowermanagement.o ABSOLUTE
    ..\\Src\\SensorTemperature.c             0x00000000   Number         0  sensortemperature.o ABSOLUTE
    ..\\Src\\adcManagement.c                 0x00000000   Number         0  adcmanagement.o ABSOLUTE
    ..\\Src\\user.c                          0x00000000   Number         0  user.o ABSOLUTE
    dc.s                                     0x00000000   Number         0  dc.o ABSOLUTE
    handlers.s                               0x00000000   Number         0  handlers.o ABSOLUTE
    init.s                                   0x00000000   Number         0  init.o ABSOLUTE
    RESET                                    0x08000000   Section      192  startup_stm32l053xx.o(RESET)
    .ARM.Collect$$$$00000000                 0x080000c0   Section        0  entry.o(.ARM.Collect$$$$00000000)
    .ARM.Collect$$$$00000001                 0x080000c0   Section        4  entry2.o(.ARM.Collect$$$$00000001)
    .ARM.Collect$$$$00000004                 0x080000c4   Section        4  entry5.o(.ARM.Collect$$$$00000004)
    .ARM.Collect$$$$00000008                 0x080000c8   Section        0  entry7b.o(.ARM.Collect$$$$00000008)
    .ARM.Collect$$$$0000000A                 0x080000c8   Section        0  entry8b.o(.ARM.Collect$$$$0000000A)
    .ARM.Collect$$$$0000000B                 0x080000c8   Section        8  entry9a.o(.ARM.Collect$$$$0000000B)
    .ARM.Collect$$$$0000000D                 0x080000d0   Section        0  entry10a.o(.ARM.Collect$$$$0000000D)
    .ARM.Collect$$$$0000000F                 0x080000d0   Section        0  entry11a.o(.ARM.Collect$$$$0000000F)
    .ARM.Collect$$$$00002712                 0x080000d0   Section        4  entry2.o(.ARM.Collect$$$$00002712)
    __lit__00000000                          0x080000d0   Data           4  entry2.o(.ARM.Collect$$$$00002712)
    .text                                    0x080000d4   Section       28  startup_stm32l053xx.o(.text)
    .text                                    0x080000f0   Section        0  uidiv.o(.text)
    .text                                    0x0800011c   Section        0  idiv.o(.text)
    .text                                    0x08000144   Section        0  fmul.o(.text)
    .text                                    0x080001be   Section        0  fdiv.o(.text)
    .text                                    0x0800023a   Section        0  fscalb.o(.text)
    .text                                    0x08000252   Section        0  fflti.o(.text)
    .text                                    0x08000268   Section        0  ffltui.o(.text)
    .text                                    0x08000276   Section        0  ffixui.o(.text)
    .text                                    0x0800029e   Section        0  iusefp.o(.text)
    .text                                    0x0800029e   Section        0  fepilogue.o(.text)
    .text                                    0x08000320   Section       36  init.o(.text)
    i.ADC1_COMP_IRQHandler                   0x08000344   Section        0  stm32l0xx_it.o(i.ADC1_COMP_IRQHandler)
    i.ADC_DelayMicroSecond                   0x080003f0   Section        0  stm32l0xx_hal_adc.o(i.ADC_DelayMicroSecond)
    ADC_DelayMicroSecond                     0x080003f1   Thumb Code    38  stm32l0xx_hal_adc.o(i.ADC_DelayMicroSecond)
    i.ADC_Enable                             0x08000420   Section        0  stm32l0xx_hal_adc.o(i.ADC_Enable)
    ADC_Enable                               0x08000421   Thumb Code   120  stm32l0xx_hal_adc.o(i.ADC_Enable)
    i.GPIO_LowPower_DeInit                   0x0800049c   Section        0  gpio.o(i.GPIO_LowPower_DeInit)
    i.GPIO_LowPower_Init                     0x080004d4   Section        0  gpio.o(i.GPIO_LowPower_Init)
    i.HAL_ADCEx_Calibration_Start            0x0800052c   Section        0  stm32l0xx_hal_adc_ex.o(i.HAL_ADCEx_Calibration_Start)
    i.HAL_ADC_ConfigChannel                  0x0800062c   Section        0  stm32l0xx_hal_adc.o(i.HAL_ADC_ConfigChannel)
    i.HAL_ADC_ConvCpltCallback               0x08000814   Section        0  stm32l0xx_hal_adc.o(i.HAL_ADC_ConvCpltCallback)
    i.HAL_ADC_ErrorCallback                  0x08000816   Section        0  stm32l0xx_hal_adc.o(i.HAL_ADC_ErrorCallback)
    i.HAL_ADC_GetValue                       0x08000818   Section        0  stm32l0xx_hal_adc.o(i.HAL_ADC_GetValue)
    i.HAL_ADC_IRQHandler                     0x08000874   Section        0  stm32l0xx_hal_adc.o(i.HAL_ADC_IRQHandler)
    i.HAL_ADC_Init                           0x080009c8   Section        0  stm32l0xx_hal_adc.o(i.HAL_ADC_Init)
    i.HAL_ADC_LevelOutOfWindowCallback       0x08000e64   Section        0  stm32l0xx_hal_adc.o(i.HAL_ADC_LevelOutOfWindowCallback)
    i.HAL_ADC_MspInit                        0x08000e68   Section        0  adc.o(i.HAL_ADC_MspInit)
    i.HAL_ADC_Start_IT                       0x08000eb0   Section        0  stm32l0xx_hal_adc.o(i.HAL_ADC_Start_IT)
    i.HAL_Delay                              0x08000f88   Section        0  stm32l0xx_hal.o(i.HAL_Delay)
    i.HAL_GPIO_Init                          0x08000fa0   Section        0  stm32l0xx_hal_gpio.o(i.HAL_GPIO_Init)
    i.HAL_GPIO_WritePin                      0x080012b8   Section        0  stm32l0xx_hal_gpio.o(i.HAL_GPIO_WritePin)
    i.HAL_GetTick                            0x08001374   Section        0  stm32l0xx_hal.o(i.HAL_GetTick)
    i.HAL_IncTick                            0x08001380   Section        0  stm32l0xx_hal.o(i.HAL_IncTick)
    i.HAL_Init                               0x08001390   Section        0  stm32l0xx_hal.o(i.HAL_Init)
    i.HAL_InitTick                           0x080013b0   Section        0  stm32l0xx_hal.o(i.HAL_InitTick)
    i.HAL_LCD_Init                           0x080013d8   Section        0  stm32l0xx_hal_lcd.o(i.HAL_LCD_Init)
    i.HAL_LCD_MspInit                        0x080017c0   Section        0  lcd.o(i.HAL_LCD_MspInit)
    i.HAL_LCD_UpdateDisplayRequest           0x0800182c   Section        0  stm32l0xx_hal_lcd.o(i.HAL_LCD_UpdateDisplayRequest)
    i.HAL_LCD_Write                          0x08001884   Section        0  stm32l0xx_hal_lcd.o(i.HAL_LCD_Write)
    i.HAL_MspInit                            0x0800198c   Section        0  stm32l0xx_hal_msp.o(i.HAL_MspInit)
    i.HAL_NVIC_EnableIRQ                     0x080019c4   Section        0  stm32l0xx_hal_cortex.o(i.HAL_NVIC_EnableIRQ)
    i.HAL_NVIC_SetPriority                   0x08001a24   Section        0  stm32l0xx_hal_cortex.o(i.HAL_NVIC_SetPriority)
    i.HAL_PWR_EnterSTOPMode                  0x08001ab8   Section        0  stm32l0xx_hal_pwr.o(i.HAL_PWR_EnterSTOPMode)
    i.HAL_RCCEx_PeriphCLKConfig              0x08001b54   Section        0  stm32l0xx_hal_rcc_ex.o(i.HAL_RCCEx_PeriphCLKConfig)
    i.HAL_RCC_ClockConfig                    0x08001e7c   Section        0  stm32l0xx_hal_rcc.o(i.HAL_RCC_ClockConfig)
    i.HAL_RCC_GetHCLKFreq                    0x08002148   Section        0  stm32l0xx_hal_rcc.o(i.HAL_RCC_GetHCLKFreq)
    i.HAL_RCC_GetSysClockFreq                0x08002154   Section        0  stm32l0xx_hal_rcc.o(i.HAL_RCC_GetSysClockFreq)
    i.HAL_RCC_OscConfig                      0x080021dc   Section        0  stm32l0xx_hal_rcc.o(i.HAL_RCC_OscConfig)
    i.HAL_RTCEx_BKUPRead                     0x08002998   Section        0  stm32l0xx_hal_rtc_ex.o(i.HAL_RTCEx_BKUPRead)
    i.HAL_RTCEx_BKUPWrite                    0x080029f8   Section        0  stm32l0xx_hal_rtc_ex.o(i.HAL_RTCEx_BKUPWrite)
    i.HAL_RTCEx_SetWakeUpTimer_IT            0x08002a58   Section        0  stm32l0xx_hal_rtc_ex.o(i.HAL_RTCEx_SetWakeUpTimer_IT)
    i.HAL_RTCEx_WakeUpTimerEventCallback     0x08002be0   Section        0  stm32l0xx_hal_rtc_ex.o(i.HAL_RTCEx_WakeUpTimerEventCallback)
    i.HAL_RTCEx_WakeUpTimerIRQHandler        0x08002be4   Section        0  stm32l0xx_hal_rtc_ex.o(i.HAL_RTCEx_WakeUpTimerIRQHandler)
    i.HAL_RTC_Init                           0x08002c1c   Section        0  stm32l0xx_hal_rtc.o(i.HAL_RTC_Init)
    i.HAL_RTC_MspInit                        0x08002da4   Section        0  rtc.o(i.HAL_RTC_MspInit)
    i.HAL_RTC_SetDate                        0x08002dd4   Section        0  stm32l0xx_hal_rtc.o(i.HAL_RTC_SetDate)
    i.HAL_RTC_SetTime                        0x08002fa4   Section        0  stm32l0xx_hal_rtc.o(i.HAL_RTC_SetTime)
    i.HAL_RTC_WaitForSynchro                 0x080031e0   Section        0  stm32l0xx_hal_rtc.o(i.HAL_RTC_WaitForSynchro)
    i.HAL_ResumeTick                         0x0800321c   Section        0  stm32l0xx_hal.o(i.HAL_ResumeTick)
    i.HAL_SYSTICK_CLKSourceConfig            0x0800322c   Section        0  stm32l0xx_hal_cortex.o(i.HAL_SYSTICK_CLKSourceConfig)
    i.HAL_SYSTICK_Callback                   0x0800329c   Section        0  stm32l0xx_hal_cortex.o(i.HAL_SYSTICK_Callback)
    i.HAL_SYSTICK_Config                     0x080032a0   Section        0  stm32l0xx_hal_cortex.o(i.HAL_SYSTICK_Config)
    i.HAL_SYSTICK_IRQHandler                 0x080032dc   Section        0  stm32l0xx_hal_cortex.o(i.HAL_SYSTICK_IRQHandler)
    i.HAL_SuspendTick                        0x080032e4   Section        0  stm32l0xx_hal.o(i.HAL_SuspendTick)
    i.InitVariable                           0x080032f4   Section        0  user.o(i.InitVariable)
    i.LCD_IRQHandler                         0x08003300   Section        0  stm32l0xx_it.o(i.LCD_IRQHandler)
    i.LCD_WaitForSynchro                     0x08003314   Section        0  stm32l0xx_hal_lcd.o(i.LCD_WaitForSynchro)
    i.LowBattery                             0x0800334c   Section        0  lowpowermanagement.o(i.LowBattery)
    i.MX_ADC_Init                            0x08003378   Section        0  adc.o(i.MX_ADC_Init)
    i.MX_GPIO_Init                           0x08003434   Section        0  gpio.o(i.MX_GPIO_Init)
    i.MX_LCD_Init                            0x080034f0   Section        0  lcd.o(i.MX_LCD_Init)
    i.MX_RTC_Init                            0x0800354c   Section        0  rtc.o(i.MX_RTC_Init)
    i.RCC_SetFlashLatencyFromMSIRange        0x0800360c   Section        0  stm32l0xx_hal_rcc.o(i.RCC_SetFlashLatencyFromMSIRange)
    RCC_SetFlashLatencyFromMSIRange          0x0800360d   Thumb Code    98  stm32l0xx_hal_rcc.o(i.RCC_SetFlashLatencyFromMSIRange)
    i.RTC_Bcd2ToByte                         0x08003680   Section        0  stm32l0xx_hal_rtc.o(i.RTC_Bcd2ToByte)
    i.RTC_ByteToBcd2                         0x08003690   Section        0  stm32l0xx_hal_rtc.o(i.RTC_ByteToBcd2)
    i.RTC_EnterInitMode                      0x080036a8   Section        0  stm32l0xx_hal_rtc.o(i.RTC_EnterInitMode)
    i.RTC_IRQHandler                         0x080036e8   Section        0  stm32l0xx_it.o(i.RTC_IRQHandler)
    i.ReadTemperature                        0x080036f8   Section        0  sensortemperature.o(i.ReadTemperature)
    i.ReadVoltage                            0x08003704   Section        0  adcmanagement.o(i.ReadVoltage)
    i.ReadVref                               0x08003724   Section        0  adcmanagement.o(i.ReadVref)
    i.Stop_Mode                              0x08003768   Section        0  lowpowermanagement.o(i.Stop_Mode)
    i.SysTick_Handler                        0x080037dc   Section        0  stm32l0xx_it.o(i.SysTick_Handler)
    i.SystemClock_Config                     0x080037e8   Section        0  main.o(i.SystemClock_Config)
    i.SystemClock_User_Config                0x08003894   Section        0  lowpowermanagement.o(i.SystemClock_User_Config)
    i.SystemInit                             0x08003950   Section        0  system_stm32l0xx.o(i.SystemInit)
    i._Error_Handler                         0x080039a4   Section        0  main.o(i._Error_Handler)
    i.__scatterload_copy                     0x080039a6   Section       14  handlers.o(i.__scatterload_copy)
    i.__scatterload_null                     0x080039b4   Section        2  handlers.o(i.__scatterload_null)
    i.__scatterload_zeroinit                 0x080039b6   Section       14  handlers.o(i.__scatterload_zeroinit)
    i.assert_failed                          0x080039c4   Section        0  main.o(i.assert_failed)
    i.lcd_print                              0x080039c8   Section        0  lcdmanagement.o(i.lcd_print)
    i.main                                   0x08003adc   Section        0  main.o(i.main)
    .constdata                               0x08003be8   Section     8192  sensortemperature.o(.constdata)
    .constdata                               0x08005be8   Section       25  system_stm32l0xx.o(.constdata)
    .data                                    0x20000000   Section        1  main.o(.data)
    .data                                    0x20000001   Section        1  stm32l0xx_it.o(.data)
    .data                                    0x20000002   Section       68  lcdmanagement.o(.data)
    .data                                    0x20000046   Section        4  adcmanagement.o(.data)
    .data                                    0x2000004a   Section        2  adcmanagement.o(.data)
    .data                                    0x2000004c   Section        2  adcmanagement.o(.data)
    .data                                    0x2000004e   Section        2  adcmanagement.o(.data)
    .data                                    0x20000050   Section        2  adcmanagement.o(.data)
    .data                                    0x20000052   Section        2  adcmanagement.o(.data)
    .data                                    0x20000054   Section        4  stm32l0xx_hal.o(.data)
    .data                                    0x20000058   Section        4  system_stm32l0xx.o(.data)
    .bss                                     0x2000005c   Section       60  lcd.o(.bss)
    .bss                                     0x20000098   Section       96  adc.o(.bss)
    .bss                                     0x200000f8   Section       36  rtc.o(.bss)
    STACK                                    0x20000120   Section     1024  startup_stm32l053xx.o(STACK)

    Global Symbols

    Symbol Name                              Value     Ov Type        Size  Object(Section)

    BuildAttributes$$THM_ISAv3M$S$PE$A:L22$X:L11$S22$IEEE1$IW$USESV6$~STKCKD$USESV7$~SHL$OTIME$ROPI$EBA8$MICROLIB$REQ8$PRES8$EABIv2 0x00000000   Number         0  anon$$obj.o ABSOLUTE
    __ARM_use_no_argv                        0x00000000   Number         0  main.o ABSOLUTE
    __cpp_initialize__aeabi_                  - Undefined Weak Reference
    __cxa_finalize                            - Undefined Weak Reference
    __decompress                              - Undefined Weak Reference
    _clock_init                               - Undefined Weak Reference
    _microlib_exit                            - Undefined Weak Reference
    __Vectors_Size                           0x000000c0   Number         0  startup_stm32l053xx.o ABSOLUTE
    __Vectors                                0x08000000   Data           4  startup_stm32l053xx.o(RESET)
    __Vectors_End                            0x080000c0   Data           0  startup_stm32l053xx.o(RESET)
    __main                                   0x080000c1   Thumb Code     0  entry.o(.ARM.Collect$$$$00000000)
    _main_stk                                0x080000c1   Thumb Code     0  entry2.o(.ARM.Collect$$$$00000001)
    _main_scatterload                        0x080000c5   Thumb Code     0  entry5.o(.ARM.Collect$$$$00000004)
    __main_after_scatterload                 0x080000c9   Thumb Code     0  entry5.o(.ARM.Collect$$$$00000004)
    _main_clock                              0x080000c9   Thumb Code     0  entry7b.o(.ARM.Collect$$$$00000008)
    _main_cpp_init                           0x080000c9   Thumb Code     0  entry8b.o(.ARM.Collect$$$$0000000A)
    _main_init                               0x080000c9   Thumb Code     0  entry9a.o(.ARM.Collect$$$$0000000B)
    __rt_final_cpp                           0x080000d1   Thumb Code     0  entry10a.o(.ARM.Collect$$$$0000000D)
    __rt_final_exit                          0x080000d1   Thumb Code     0  entry11a.o(.ARM.Collect$$$$0000000F)
    Reset_Handler                            0x080000d5   Thumb Code     8  startup_stm32l053xx.o(.text)
    NMI_Handler                              0x080000dd   Thumb Code     2  startup_stm32l053xx.o(.text)
    HardFault_Handler                        0x080000df   Thumb Code     2  startup_stm32l053xx.o(.text)
    SVC_Handler                              0x080000e1   Thumb Code     2  startup_stm32l053xx.o(.text)
    PendSV_Handler                           0x080000e3   Thumb Code     2  startup_stm32l053xx.o(.text)
    DMA1_Channel1_IRQHandler                 0x080000e7   Thumb Code     0  startup_stm32l053xx.o(.text)
    DMA1_Channel2_3_IRQHandler               0x080000e7   Thumb Code     0  startup_stm32l053xx.o(.text)
    DMA1_Channel4_5_6_7_IRQHandler           0x080000e7   Thumb Code     0  startup_stm32l053xx.o(.text)
    EXTI0_1_IRQHandler                       0x080000e7   Thumb Code     0  startup_stm32l053xx.o(.text)
    EXTI2_3_IRQHandler                       0x080000e7   Thumb Code     0  startup_stm32l053xx.o(.text)
    EXTI4_15_IRQHandler                      0x080000e7   Thumb Code     0  startup_stm32l053xx.o(.text)
    FLASH_IRQHandler                         0x080000e7   Thumb Code     0  startup_stm32l053xx.o(.text)
    I2C1_IRQHandler                          0x080000e7   Thumb Code     0  startup_stm32l053xx.o(.text)
    I2C2_IRQHandler                          0x080000e7   Thumb Code     0  startup_stm32l053xx.o(.text)
    LPTIM1_IRQHandler                        0x080000e7   Thumb Code     0  startup_stm32l053xx.o(.text)
    PVD_IRQHandler                           0x080000e7   Thumb Code     0  startup_stm32l053xx.o(.text)
    RCC_CRS_IRQHandler                       0x080000e7   Thumb Code     0  startup_stm32l053xx.o(.text)
    RNG_LPUART1_IRQHandler                   0x080000e7   Thumb Code     0  startup_stm32l053xx.o(.text)
    SPI1_IRQHandler                          0x080000e7   Thumb Code     0  startup_stm32l053xx.o(.text)
    SPI2_IRQHandler                          0x080000e7   Thumb Code     0  startup_stm32l053xx.o(.text)
    TIM21_IRQHandler                         0x080000e7   Thumb Code     0  startup_stm32l053xx.o(.text)
    TIM22_IRQHandler                         0x080000e7   Thumb Code     0  startup_stm32l053xx.o(.text)
    TIM2_IRQHandler                          0x080000e7   Thumb Code     0  startup_stm32l053xx.o(.text)
    TIM6_DAC_IRQHandler                      0x080000e7   Thumb Code     0  startup_stm32l053xx.o(.text)
    TSC_IRQHandler                           0x080000e7   Thumb Code     0  startup_stm32l053xx.o(.text)
    USART1_IRQHandler                        0x080000e7   Thumb Code     0  startup_stm32l053xx.o(.text)
    USART2_IRQHandler                        0x080000e7   Thumb Code     0  startup_stm32l053xx.o(.text)
    USB_IRQHandler                           0x080000e7   Thumb Code     0  startup_stm32l053xx.o(.text)
    WWDG_IRQHandler                          0x080000e7   Thumb Code     0  startup_stm32l053xx.o(.text)
    __aeabi_uidiv                            0x080000f1   Thumb Code     0  uidiv.o(.text)
    __aeabi_uidivmod                         0x080000f1   Thumb Code    44  uidiv.o(.text)
    __aeabi_idiv                             0x0800011d   Thumb Code     0  idiv.o(.text)
    __aeabi_idivmod                          0x0800011d   Thumb Code    40  idiv.o(.text)
    __aeabi_fmul                             0x08000145   Thumb Code   122  fmul.o(.text)
    __aeabi_fdiv                             0x080001bf   Thumb Code   124  fdiv.o(.text)
    __ARM_scalbnf                            0x0800023b   Thumb Code    24  fscalb.o(.text)
    scalbnf                                  0x0800023b   Thumb Code     0  fscalb.o(.text)
    __aeabi_i2f                              0x08000253   Thumb Code    22  fflti.o(.text)
    __aeabi_ui2f                             0x08000269   Thumb Code    14  ffltui.o(.text)
    __aeabi_f2uiz                            0x08000277   Thumb Code    40  ffixui.o(.text)
    __I$use$fp                               0x0800029f   Thumb Code     0  iusefp.o(.text)
    _float_round                             0x0800029f   Thumb Code    16  fepilogue.o(.text)
    _float_epilogue                          0x080002af   Thumb Code   114  fepilogue.o(.text)
    __scatterload                            0x08000321   Thumb Code    28  init.o(.text)
    __scatterload_rt2                        0x08000321   Thumb Code     0  init.o(.text)
    ADC1_COMP_IRQHandler                     0x08000345   Thumb Code   144  stm32l0xx_it.o(i.ADC1_COMP_IRQHandler)
    GPIO_LowPower_DeInit                     0x0800049d   Thumb Code    46  gpio.o(i.GPIO_LowPower_DeInit)
    GPIO_LowPower_Init                       0x080004d5   Thumb Code    80  gpio.o(i.GPIO_LowPower_Init)
    HAL_ADCEx_Calibration_Start              0x0800052d   Thumb Code   192  stm32l0xx_hal_adc_ex.o(i.HAL_ADCEx_Calibration_Start)
    HAL_ADC_ConfigChannel                    0x0800062d   Thumb Code   346  stm32l0xx_hal_adc.o(i.HAL_ADC_ConfigChannel)
    HAL_ADC_ConvCpltCallback                 0x08000815   Thumb Code     2  stm32l0xx_hal_adc.o(i.HAL_ADC_ConvCpltCallback)
    HAL_ADC_ErrorCallback                    0x08000817   Thumb Code     2  stm32l0xx_hal_adc.o(i.HAL_ADC_ErrorCallback)
    HAL_ADC_GetValue                         0x08000819   Thumb Code    26  stm32l0xx_hal_adc.o(i.HAL_ADC_GetValue)
    HAL_ADC_IRQHandler                       0x08000875   Thumb Code   272  stm32l0xx_hal_adc.o(i.HAL_ADC_IRQHandler)
    HAL_ADC_Init                             0x080009c9   Thumb Code  1172  stm32l0xx_hal_adc.o(i.HAL_ADC_Init)
    HAL_ADC_LevelOutOfWindowCallback         0x08000e65   Thumb Code     2  stm32l0xx_hal_adc.o(i.HAL_ADC_LevelOutOfWindowCallback)
    HAL_ADC_MspInit                          0x08000e69   Thumb Code    64  adc.o(i.HAL_ADC_MspInit)
    HAL_ADC_Start_IT                         0x08000eb1   Thumb Code   146  stm32l0xx_hal_adc.o(i.HAL_ADC_Start_IT)
    HAL_Delay                                0x08000f89   Thumb Code    22  stm32l0xx_hal.o(i.HAL_Delay)
    HAL_GPIO_Init                            0x08000fa1   Thumb Code   678  stm32l0xx_hal_gpio.o(i.HAL_GPIO_Init)
    HAL_GPIO_WritePin                        0x080012b9   Thumb Code   112  stm32l0xx_hal_gpio.o(i.HAL_GPIO_WritePin)
    HAL_GetTick                              0x08001375   Thumb Code     6  stm32l0xx_hal.o(i.HAL_GetTick)
    HAL_IncTick                              0x08001381   Thumb Code    10  stm32l0xx_hal.o(i.HAL_IncTick)
    HAL_Init                                 0x08001391   Thumb Code    26  stm32l0xx_hal.o(i.HAL_Init)
    HAL_InitTick                             0x080013b1   Thumb Code    34  stm32l0xx_hal.o(i.HAL_InitTick)
    HAL_LCD_Init                             0x080013d9   Thumb Code   934  stm32l0xx_hal_lcd.o(i.HAL_LCD_Init)
    HAL_LCD_MspInit                          0x080017c1   Thumb Code    92  lcd.o(i.HAL_LCD_MspInit)
    HAL_LCD_UpdateDisplayRequest             0x0800182d   Thumb Code    86  stm32l0xx_hal_lcd.o(i.HAL_LCD_UpdateDisplayRequest)
    HAL_LCD_Write                            0x08001885   Thumb Code   208  stm32l0xx_hal_lcd.o(i.HAL_LCD_Write)
    HAL_MspInit                              0x0800198d   Thumb Code    52  stm32l0xx_hal_msp.o(i.HAL_MspInit)
    HAL_NVIC_EnableIRQ                       0x080019c5   Thumb Code    30  stm32l0xx_hal_cortex.o(i.HAL_NVIC_EnableIRQ)
    HAL_NVIC_SetPriority                     0x08001a25   Thumb Code    78  stm32l0xx_hal_cortex.o(i.HAL_NVIC_SetPriority)
    HAL_PWR_EnterSTOPMode                    0x08001ab9   Thumb Code    82  stm32l0xx_hal_pwr.o(i.HAL_PWR_EnterSTOPMode)
    HAL_RCCEx_PeriphCLKConfig                0x08001b55   Thumb Code   720  stm32l0xx_hal_rcc_ex.o(i.HAL_RCCEx_PeriphCLKConfig)
    HAL_RCC_ClockConfig                      0x08001e7d   Thumb Code   616  stm32l0xx_hal_rcc.o(i.HAL_RCC_ClockConfig)
    HAL_RCC_GetHCLKFreq                      0x08002149   Thumb Code     6  stm32l0xx_hal_rcc.o(i.HAL_RCC_GetHCLKFreq)
    HAL_RCC_GetSysClockFreq                  0x08002155   Thumb Code   114  stm32l0xx_hal_rcc.o(i.HAL_RCC_GetSysClockFreq)
    HAL_RCC_OscConfig                        0x080021dd   Thumb Code  1942  stm32l0xx_hal_rcc.o(i.HAL_RCC_OscConfig)
    HAL_RTCEx_BKUPRead                       0x08002999   Thumb Code    30  stm32l0xx_hal_rtc_ex.o(i.HAL_RTCEx_BKUPRead)
    HAL_RTCEx_BKUPWrite                      0x080029f9   Thumb Code    32  stm32l0xx_hal_rtc_ex.o(i.HAL_RTCEx_BKUPWrite)
    HAL_RTCEx_SetWakeUpTimer_IT              0x08002a59   Thumb Code   312  stm32l0xx_hal_rtc_ex.o(i.HAL_RTCEx_SetWakeUpTimer_IT)
    HAL_RTCEx_WakeUpTimerEventCallback       0x08002be1   Thumb Code     2  stm32l0xx_hal_rtc_ex.o(i.HAL_RTCEx_WakeUpTimerEventCallback)
    HAL_RTCEx_WakeUpTimerIRQHandler          0x08002be5   Thumb Code    48  stm32l0xx_hal_rtc_ex.o(i.HAL_RTCEx_WakeUpTimerIRQHandler)
    HAL_RTC_Init                             0x08002c1d   Thumb Code   324  stm32l0xx_hal_rtc.o(i.HAL_RTC_Init)
    HAL_RTC_MspInit                          0x08002da5   Thumb Code    40  rtc.o(i.HAL_RTC_MspInit)
    HAL_RTC_SetDate                          0x08002dd5   Thumb Code   378  stm32l0xx_hal_rtc.o(i.HAL_RTC_SetDate)
    HAL_RTC_SetTime                          0x08002fa5   Thumb Code   512  stm32l0xx_hal_rtc.o(i.HAL_RTC_SetTime)
    HAL_RTC_WaitForSynchro                   0x080031e1   Thumb Code    58  stm32l0xx_hal_rtc.o(i.HAL_RTC_WaitForSynchro)
    HAL_ResumeTick                           0x0800321d   Thumb Code    12  stm32l0xx_hal.o(i.HAL_ResumeTick)
    HAL_SYSTICK_CLKSourceConfig              0x0800322d   Thumb Code    46  stm32l0xx_hal_cortex.o(i.HAL_SYSTICK_CLKSourceConfig)
    HAL_SYSTICK_Callback                     0x0800329d   Thumb Code     2  stm32l0xx_hal_cortex.o(i.HAL_SYSTICK_Callback)
    HAL_SYSTICK_Config                       0x080032a1   Thumb Code    46  stm32l0xx_hal_cortex.o(i.HAL_SYSTICK_Config)
    HAL_SYSTICK_IRQHandler                   0x080032dd   Thumb Code     8  stm32l0xx_hal_cortex.o(i.HAL_SYSTICK_IRQHandler)
    HAL_SuspendTick                          0x080032e5   Thumb Code    12  stm32l0xx_hal.o(i.HAL_SuspendTick)
    InitVariable                             0x080032f5   Thumb Code     8  user.o(i.InitVariable)
    LCD_IRQHandler                           0x08003301   Thumb Code    16  stm32l0xx_it.o(i.LCD_IRQHandler)
    LCD_WaitForSynchro                       0x08003315   Thumb Code    56  stm32l0xx_hal_lcd.o(i.LCD_WaitForSynchro)
    LowBattery                               0x0800334d   Thumb Code    34  lowpowermanagement.o(i.LowBattery)
    MX_ADC_Init                              0x08003379   Thumb Code   152  adc.o(i.MX_ADC_Init)
    MX_GPIO_Init                             0x08003435   Thumb Code   166  gpio.o(i.MX_GPIO_Init)
    MX_LCD_Init                              0x080034f1   Thumb Code    66  lcd.o(i.MX_LCD_Init)
    MX_RTC_Init                              0x0800354d   Thumb Code   164  rtc.o(i.MX_RTC_Init)
    RTC_Bcd2ToByte                           0x08003681   Thumb Code    16  stm32l0xx_hal_rtc.o(i.RTC_Bcd2ToByte)
    RTC_ByteToBcd2                           0x08003691   Thumb Code    24  stm32l0xx_hal_rtc.o(i.RTC_ByteToBcd2)
    RTC_EnterInitMode                        0x080036a9   Thumb Code    62  stm32l0xx_hal_rtc.o(i.RTC_EnterInitMode)
    RTC_IRQHandler                           0x080036e9   Thumb Code    10  stm32l0xx_it.o(i.RTC_IRQHandler)
    ReadTemperature                          0x080036f9   Thumb Code     8  sensortemperature.o(i.ReadTemperature)
    ReadVoltage                              0x08003705   Thumb Code    28  adcmanagement.o(i.ReadVoltage)
    ReadVref                                 0x08003725   Thumb Code    52  adcmanagement.o(i.ReadVref)
    Stop_Mode                                0x08003769   Thumb Code    94  lowpowermanagement.o(i.Stop_Mode)
    SysTick_Handler                          0x080037dd   Thumb Code    12  stm32l0xx_it.o(i.SysTick_Handler)
    SystemClock_Config                       0x080037e9   Thumb Code   152  main.o(i.SystemClock_Config)
    SystemClock_User_Config                  0x08003895   Thumb Code   156  lowpowermanagement.o(i.SystemClock_User_Config)
    SystemInit                               0x08003951   Thumb Code    66  system_stm32l0xx.o(i.SystemInit)
    _Error_Handler                           0x080039a5   Thumb Code     2  main.o(i._Error_Handler)
    __scatterload_copy                       0x080039a7   Thumb Code    14  handlers.o(i.__scatterload_copy)
    __scatterload_null                       0x080039b5   Thumb Code     2  handlers.o(i.__scatterload_null)
    __scatterload_zeroinit                   0x080039b7   Thumb Code    14  handlers.o(i.__scatterload_zeroinit)
    assert_failed                            0x080039c5   Thumb Code     2  main.o(i.assert_failed)
    lcd_print                                0x080039c9   Thumb Code   234  lcdmanagement.o(i.lcd_print)
    main                                     0x08003add   Thumb Code   212  main.o(i.main)
    NTC_table                                0x08003be8   Data        8192  sensortemperature.o(.constdata)
    AHBPrescTable                            0x08005be8   Data          16  system_stm32l0xx.o(.constdata)
    PLLMulTable                              0x08005bf8   Data           9  system_stm32l0xx.o(.constdata)
    Region$$Table$$Base                      0x08005c04   Number         0  anon$$obj.o(Region$$Table)
    Region$$Table$$Limit                     0x08005c24   Number         0  anon$$obj.o(Region$$Table)
    conversion                               0x20000000   Data           1  main.o(.data)
    channel                                  0x20000001   Data           1  stm32l0xx_it.o(.data)
    oldLCDvalue                              0x20000002   Data           1  lcdmanagement.o(.data)
    temp1                                    0x20000004   Data           2  lcdmanagement.o(.data)
    temp2                                    0x20000006   Data           2  lcdmanagement.o(.data)
    temp3                                    0x20000008   Data           2  lcdmanagement.o(.data)
    print                                    0x2000000a   Data           2  lcdmanagement.o(.data)
    lcd_table1                               0x2000000c   Data          38  lcdmanagement.o(.data)
    lcd_table2                               0x20000032   Data          20  lcdmanagement.o(.data)
    vRef                                     0x20000046   Data           2  adcmanagement.o(.data)
    vRefInt_cal                              0x20000048   Data           2  adcmanagement.o(.data)
    VoltageValue                             0x2000004a   Data           2  adcmanagement.o(.data)
    i16Celsius                               0x2000004c   Data           2  adcmanagement.o(.data)
    u16Battery                               0x2000004e   Data           2  adcmanagement.o(.data)
    u16Ntc2                                  0x20000050   Data           2  adcmanagement.o(.data)
    u16Vref                                  0x20000052   Data           2  adcmanagement.o(.data)
    uwTick                                   0x20000054   Data           4  stm32l0xx_hal.o(.data)
    SystemCoreClock                          0x20000058   Data           4  system_stm32l0xx.o(.data)
    hlcd                                     0x2000005c   Data          60  lcd.o(.bss)
    hadc                                     0x20000098   Data          96  adc.o(.bss)
    hrtc                                     0x200000f8   Data          36  rtc.o(.bss)
    __initial_sp                             0x20000520   Data           0  startup_stm32l053xx.o(STACK)



==============================================================================

Memory Map of the image

  Image Entry point : 0x080000c1

  Load Region LR_IROM1 (Base: 0x08000000, Size: 0x00005c80, Max: 0x00010000, ABSOLUTE)

    Execution Region ER_IROM1 (Exec base: 0x08000000, Load base: 0x08000000, Size: 0x00005c24, Max: 0x00010000, ABSOLUTE)

    Exec Addr    Load Addr    Size         Type   Attr      Idx    E Section Name        Object

    0x08000000   0x08000000   0x000000c0   Data   RO         2842    RESET               startup_stm32l053xx.o
    0x080000c0   0x080000c0   0x00000000   Code   RO         2847  * .ARM.Collect$$$$00000000  mc_p.l(entry.o)
    0x080000c0   0x080000c0   0x00000004   Code   RO         2868    .ARM.Collect$$$$00000001  mc_p.l(entry2.o)
    0x080000c4   0x080000c4   0x00000004   Code   RO         2871    .ARM.Collect$$$$00000004  mc_p.l(entry5.o)
    0x080000c8   0x080000c8   0x00000000   Code   RO         2873    .ARM.Collect$$$$00000008  mc_p.l(entry7b.o)
    0x080000c8   0x080000c8   0x00000000   Code   RO         2875    .ARM.Collect$$$$0000000A  mc_p.l(entry8b.o)
    0x080000c8   0x080000c8   0x00000008   Code   RO         2876    .ARM.Collect$$$$0000000B  mc_p.l(entry9a.o)
    0x080000d0   0x080000d0   0x00000000   Code   RO         2878    .ARM.Collect$$$$0000000D  mc_p.l(entry10a.o)
    0x080000d0   0x080000d0   0x00000000   Code   RO         2880    .ARM.Collect$$$$0000000F  mc_p.l(entry11a.o)
    0x080000d0   0x080000d0   0x00000004   Code   RO         2869    .ARM.Collect$$$$00002712  mc_p.l(entry2.o)
    0x080000d4   0x080000d4   0x0000001c   Code   RO         2843    .text               startup_stm32l053xx.o
    0x080000f0   0x080000f0   0x0000002c   Code   RO         2850    .text               mc_p.l(uidiv.o)
    0x0800011c   0x0800011c   0x00000028   Code   RO         2852    .text               mc_p.l(idiv.o)
    0x08000144   0x08000144   0x0000007a   Code   RO         2856    .text               mf_p.l(fmul.o)
    0x080001be   0x080001be   0x0000007c   Code   RO         2858    .text               mf_p.l(fdiv.o)
    0x0800023a   0x0800023a   0x00000018   Code   RO         2860    .text               mf_p.l(fscalb.o)
    0x08000252   0x08000252   0x00000016   Code   RO         2862    .text               mf_p.l(fflti.o)
    0x08000268   0x08000268   0x0000000e   Code   RO         2864    .text               mf_p.l(ffltui.o)
    0x08000276   0x08000276   0x00000028   Code   RO         2866    .text               mf_p.l(ffixui.o)
    0x0800029e   0x0800029e   0x00000000   Code   RO         2882    .text               mc_p.l(iusefp.o)
    0x0800029e   0x0800029e   0x00000082   Code   RO         2883    .text               mf_p.l(fepilogue.o)
    0x08000320   0x08000320   0x00000024   Code   RO         2885    .text               mc_p.l(init.o)
    0x08000344   0x08000344   0x000000ac   Code   RO          345    i.ADC1_COMP_IRQHandler  stm32l0xx_it.o
    0x080003f0   0x080003f0   0x00000030   Code   RO         1108    i.ADC_DelayMicroSecond  stm32l0xx_hal_adc.o
    0x08000420   0x08000420   0x0000007c   Code   RO         1110    i.ADC_Enable        stm32l0xx_hal_adc.o
    0x0800049c   0x0800049c   0x00000038   Code   RO          310    i.GPIO_LowPower_DeInit  gpio.o
    0x080004d4   0x080004d4   0x00000058   Code   RO          311    i.GPIO_LowPower_Init  gpio.o
    0x0800052c   0x0800052c   0x00000100   Code   RO         2557    i.HAL_ADCEx_Calibration_Start  stm32l0xx_hal_adc_ex.o
    0x0800062c   0x0800062c   0x000001e8   Code   RO         1112    i.HAL_ADC_ConfigChannel  stm32l0xx_hal_adc.o
    0x08000814   0x08000814   0x00000002   Code   RO         1113    i.HAL_ADC_ConvCpltCallback  stm32l0xx_hal_adc.o
    0x08000816   0x08000816   0x00000002   Code   RO         1116    i.HAL_ADC_ErrorCallback  stm32l0xx_hal_adc.o
    0x08000818   0x08000818   0x0000005c   Code   RO         1119    i.HAL_ADC_GetValue  stm32l0xx_hal_adc.o
    0x08000874   0x08000874   0x00000154   Code   RO         1120    i.HAL_ADC_IRQHandler  stm32l0xx_hal_adc.o
    0x080009c8   0x080009c8   0x0000049c   Code   RO         1121    i.HAL_ADC_Init      stm32l0xx_hal_adc.o
    0x08000e64   0x08000e64   0x00000002   Code   RO         1122    i.HAL_ADC_LevelOutOfWindowCallback  stm32l0xx_hal_adc.o
    0x08000e66   0x08000e66   0x00000002   PAD
    0x08000e68   0x08000e68   0x00000048   Code   RO          235    i.HAL_ADC_MspInit   adc.o
    0x08000eb0   0x08000eb0   0x000000d8   Code   RO         1129    i.HAL_ADC_Start_IT  stm32l0xx_hal_adc.o
    0x08000f88   0x08000f88   0x00000016   Code   RO          772    i.HAL_Delay         stm32l0xx_hal.o
    0x08000f9e   0x08000f9e   0x00000002   PAD
    0x08000fa0   0x08000fa0   0x00000318   Code   RO         1809    i.HAL_GPIO_Init     stm32l0xx_hal_gpio.o
    0x080012b8   0x080012b8   0x000000bc   Code   RO         1813    i.HAL_GPIO_WritePin  stm32l0xx_hal_gpio.o
    0x08001374   0x08001374   0x0000000c   Code   RO          776    i.HAL_GetTick       stm32l0xx_hal.o
    0x08001380   0x08001380   0x00000010   Code   RO          777    i.HAL_IncTick       stm32l0xx_hal.o
    0x08001390   0x08001390   0x00000020   Code   RO          778    i.HAL_Init          stm32l0xx_hal.o
    0x080013b0   0x080013b0   0x00000028   Code   RO          779    i.HAL_InitTick      stm32l0xx_hal.o
    0x080013d8   0x080013d8   0x000003e8   Code   RO         2485    i.HAL_LCD_Init      stm32l0xx_hal_lcd.o
    0x080017c0   0x080017c0   0x0000006c   Code   RO            4    i.HAL_LCD_MspInit   lcd.o
    0x0800182c   0x0800182c   0x00000056   Code   RO         2488    i.HAL_LCD_UpdateDisplayRequest  stm32l0xx_hal_lcd.o
    0x08001882   0x08001882   0x00000002   PAD
    0x08001884   0x08001884   0x00000108   Code   RO         2489    i.HAL_LCD_Write     stm32l0xx_hal_lcd.o
    0x0800198c   0x0800198c   0x00000038   Code   RO          145    i.HAL_MspInit       stm32l0xx_hal_msp.o
    0x080019c4   0x080019c4   0x00000060   Code   RO          933    i.HAL_NVIC_EnableIRQ  stm32l0xx_hal_cortex.o
    0x08001a24   0x08001a24   0x00000094   Code   RO          937    i.HAL_NVIC_SetPriority  stm32l0xx_hal_cortex.o
    0x08001ab8   0x08001ab8   0x0000009c   Code   RO         1946    i.HAL_PWR_EnterSTOPMode  stm32l0xx_hal_pwr.o
    0x08001b54   0x08001b54   0x00000328   Code   RO         2160    i.HAL_RCCEx_PeriphCLKConfig  stm32l0xx_hal_rcc_ex.o
    0x08001e7c   0x08001e7c   0x000002cc   Code   RO         1710    i.HAL_RCC_ClockConfig  stm32l0xx_hal_rcc.o
    0x08002148   0x08002148   0x0000000c   Code   RO         1714    i.HAL_RCC_GetHCLKFreq  stm32l0xx_hal_rcc.o
    0x08002154   0x08002154   0x00000088   Code   RO         1718    i.HAL_RCC_GetSysClockFreq  stm32l0xx_hal_rcc.o
    0x080021dc   0x080021dc   0x000007bc   Code   RO         1721    i.HAL_RCC_OscConfig  stm32l0xx_hal_rcc.o
    0x08002998   0x08002998   0x00000060   Code   RO          552    i.HAL_RTCEx_BKUPRead  stm32l0xx_hal_rtc_ex.o
    0x080029f8   0x080029f8   0x00000060   Code   RO          553    i.HAL_RTCEx_BKUPWrite  stm32l0xx_hal_rtc_ex.o
    0x08002a58   0x08002a58   0x00000188   Code   RO          577    i.HAL_RTCEx_SetWakeUpTimer_IT  stm32l0xx_hal_rtc_ex.o
    0x08002be0   0x08002be0   0x00000002   Code   RO          582    i.HAL_RTCEx_WakeUpTimerEventCallback  stm32l0xx_hal_rtc_ex.o
    0x08002be2   0x08002be2   0x00000002   PAD
    0x08002be4   0x08002be4   0x00000038   Code   RO          583    i.HAL_RTCEx_WakeUpTimerIRQHandler  stm32l0xx_hal_rtc_ex.o
    0x08002c1c   0x08002c1c   0x00000188   Code   RO         2633    i.HAL_RTC_Init      stm32l0xx_hal_rtc.o
    0x08002da4   0x08002da4   0x00000030   Code   RO          273    i.HAL_RTC_MspInit   rtc.o
    0x08002dd4   0x08002dd4   0x000001d0   Code   RO         2639    i.HAL_RTC_SetDate   stm32l0xx_hal_rtc.o
    0x08002fa4   0x08002fa4   0x0000023c   Code   RO         2640    i.HAL_RTC_SetTime   stm32l0xx_hal_rtc.o
    0x080031e0   0x080031e0   0x0000003a   Code   RO         2641    i.HAL_RTC_WaitForSynchro  stm32l0xx_hal_rtc.o
    0x0800321a   0x0800321a   0x00000002   PAD
    0x0800321c   0x0800321c   0x00000010   Code   RO          782    i.HAL_ResumeTick    stm32l0xx_hal.o
    0x0800322c   0x0800322c   0x00000070   Code   RO          939    i.HAL_SYSTICK_CLKSourceConfig  stm32l0xx_hal_cortex.o
    0x0800329c   0x0800329c   0x00000002   Code   RO          940    i.HAL_SYSTICK_Callback  stm32l0xx_hal_cortex.o
    0x0800329e   0x0800329e   0x00000002   PAD
    0x080032a0   0x080032a0   0x0000003c   Code   RO          941    i.HAL_SYSTICK_Config  stm32l0xx_hal_cortex.o
    0x080032dc   0x080032dc   0x00000008   Code   RO          942    i.HAL_SYSTICK_IRQHandler  stm32l0xx_hal_cortex.o
    0x080032e4   0x080032e4   0x00000010   Code   RO          787    i.HAL_SuspendTick   stm32l0xx_hal.o
    0x080032f4   0x080032f4   0x0000000c   Code   RO          463    i.InitVariable      user.o
    0x08003300   0x08003300   0x00000014   Code   RO          346    i.LCD_IRQHandler    stm32l0xx_it.o
    0x08003314   0x08003314   0x00000038   Code   RO         2490    i.LCD_WaitForSynchro  stm32l0xx_hal_lcd.o
    0x0800334c   0x0800334c   0x0000002c   Code   RO          394    i.LowBattery        lowpowermanagement.o
    0x08003378   0x08003378   0x000000bc   Code   RO          236    i.MX_ADC_Init       adc.o
    0x08003434   0x08003434   0x000000bc   Code   RO          312    i.MX_GPIO_Init      gpio.o
    0x080034f0   0x080034f0   0x0000005c   Code   RO            5    i.MX_LCD_Init       lcd.o
    0x0800354c   0x0800354c   0x000000c0   Code   RO          274    i.MX_RTC_Init       rtc.o
    0x0800360c   0x0800360c   0x00000074   Code   RO         1722    i.RCC_SetFlashLatencyFromMSIRange  stm32l0xx_hal_rcc.o
    0x08003680   0x08003680   0x00000010   Code   RO         2642    i.RTC_Bcd2ToByte    stm32l0xx_hal_rtc.o
    0x08003690   0x08003690   0x00000018   Code   RO         2643    i.RTC_ByteToBcd2    stm32l0xx_hal_rtc.o
    0x080036a8   0x080036a8   0x0000003e   Code   RO         2644    i.RTC_EnterInitMode  stm32l0xx_hal_rtc.o
    0x080036e6   0x080036e6   0x00000002   PAD
    0x080036e8   0x080036e8   0x00000010   Code   RO          347    i.RTC_IRQHandler    stm32l0xx_it.o
    0x080036f8   0x080036f8   0x0000000c   Code   RO          430    i.ReadTemperature   sensortemperature.o
    0x08003704   0x08003704   0x00000020   Code   RO          513    i.ReadVoltage       adcmanagement.o
    0x08003724   0x08003724   0x00000044   Code   RO          514    i.ReadVref          adcmanagement.o
    0x08003768   0x08003768   0x00000074   Code   RO          395    i.Stop_Mode         lowpowermanagement.o
    0x080037dc   0x080037dc   0x0000000c   Code   RO          348    i.SysTick_Handler   stm32l0xx_it.o
    0x080037e8   0x080037e8   0x000000ac   Code   RO          165    i.SystemClock_Config  main.o
    0x08003894   0x08003894   0x000000bc   Code   RO          396    i.SystemClock_User_Config  lowpowermanagement.o
    0x08003950   0x08003950   0x00000054   Code   RO         2809    i.SystemInit        system_stm32l0xx.o
    0x080039a4   0x080039a4   0x00000002   Code   RO          166    i._Error_Handler    main.o
    0x080039a6   0x080039a6   0x0000000e   Code   RO         2889    i.__scatterload_copy  mc_p.l(handlers.o)
    0x080039b4   0x080039b4   0x00000002   Code   RO         2890    i.__scatterload_null  mc_p.l(handlers.o)
    0x080039b6   0x080039b6   0x0000000e   Code   RO         2891    i.__scatterload_zeroinit  mc_p.l(handlers.o)
    0x080039c4   0x080039c4   0x00000002   Code   RO          167    i.assert_failed     main.o
    0x080039c6   0x080039c6   0x00000002   PAD
    0x080039c8   0x080039c8   0x00000114   Code   RO          484    i.lcd_print         lcdmanagement.o
    0x08003adc   0x08003adc   0x0000010c   Code   RO          168    i.main              main.o
    0x08003be8   0x08003be8   0x00002000   Data   RO          432    .constdata          sensortemperature.o
    0x08005be8   0x08005be8   0x00000019   Data   RO         2810    .constdata          system_stm32l0xx.o
    0x08005c01   0x08005c01   0x00000003   PAD
    0x08005c04   0x08005c04   0x00000020   Data   RO         2887    Region$$Table       anon$$obj.o


    Execution Region RW_IRAM1 (Exec base: 0x20000000, Load base: 0x08005c24, Size: 0x00000520, Max: 0x00002000, ABSOLUTE)

    Exec Addr    Load Addr    Size         Type   Attr      Idx    E Section Name        Object

    0x20000000   0x08005c24   0x00000001   Data   RW          169    .data               main.o
    0x20000001   0x08005c25   0x00000001   Data   RW          349    .data               stm32l0xx_it.o
    0x20000002   0x08005c26   0x00000044   Data   RW          485    .data               lcdmanagement.o
    0x20000046   0x08005c6a   0x00000004   Data   RW          515    .data               adcmanagement.o
    0x2000004a   0x08005c6e   0x00000002   Data   RW          516    .data               adcmanagement.o
    0x2000004c   0x08005c70   0x00000002   Data   RW          517    .data               adcmanagement.o
    0x2000004e   0x08005c72   0x00000002   Data   RW          518    .data               adcmanagement.o
    0x20000050   0x08005c74   0x00000002   Data   RW          519    .data               adcmanagement.o
    0x20000052   0x08005c76   0x00000002   Data   RW          520    .data               adcmanagement.o
    0x20000054   0x08005c78   0x00000004   Data   RW          788    .data               stm32l0xx_hal.o
    0x20000058   0x08005c7c   0x00000004   Data   RW         2812    .data               system_stm32l0xx.o
    0x2000005c        -       0x0000003c   Zero   RW            6    .bss                lcd.o
    0x20000098        -       0x00000060   Zero   RW          237    .bss                adc.o
    0x200000f8        -       0x00000024   Zero   RW          275    .bss                rtc.o
    0x2000011c   0x08005c80   0x00000004   PAD
    0x20000120        -       0x00000400   Zero   RW         2840    STACK               startup_stm32l053xx.o


==============================================================================

Image component sizes


      Code (inc. data)   RO Data    RW Data    ZI Data      Debug   Object Name

       260         44          0          0         96       1491   adc.o
       100         20          0         14          0       1379   adcmanagement.o
       332         40          0          0          0       1967   gpio.o
       200         42          0          0         60     376251   lcd.o
       276         42          0         68          0       1359   lcdmanagement.o
       348         64          0          0          0       1535   lowpowermanagement.o
       444         76          0          1          0       3364   main.o
       240         36          0          0         36       1447   rtc.o
        12          4       8192          0          0       1030   sensortemperature.o
        28          8        192          0       1024        688   startup_stm32l053xx.o
       154         32          0          4          0       4330   stm32l0xx_hal.o
      2494        444          0          0          0       7684   stm32l0xx_hal_adc.o
       256         64          0          0          0       1402   stm32l0xx_hal_adc_ex.o
       426        216          0          0          0      12003   stm32l0xx_hal_cortex.o
       980        190          0          0          0       2732   stm32l0xx_hal_gpio.o
      1406        122          0          0          0       4195   stm32l0xx_hal_lcd.o
        56          4          0          0          0        434   stm32l0xx_hal_msp.o
       156         74          0          0          0        704   stm32l0xx_hal_pwr.o
      2960        278          0          0          0       7810   stm32l0xx_hal_rcc.o
       808         88          0          0          0       1864   stm32l0xx_hal_rcc_ex.o
      1588        214          0          0          0       5814   stm32l0xx_hal_rtc.o
       642        218          0          0          0       3880   stm32l0xx_hal_rtc_ex.o
       220         38          0          1          0       1965   stm32l0xx_it.o
        84         18         25          4          0       1355   system_stm32l0xx.o
        12          4          0          0          0        371   user.o

    ----------------------------------------------------------------------
     14498       2380       8444         92       1220     447054   Object Totals
         0          0         32          0          0          0   (incl. Generated)
        16          0          3          0          4          0   (incl. Padding)

    ----------------------------------------------------------------------

      Code (inc. data)   RO Data    RW Data    ZI Data      Debug   Library Member Name

         0          0          0          0          0          0   entry.o
         0          0          0          0          0          0   entry10a.o
         0          0          0          0          0          0   entry11a.o
         8          4          0          0          0          0   entry2.o
         4          0          0          0          0          0   entry5.o
         0          0          0          0          0          0   entry7b.o
         0          0          0          0          0          0   entry8b.o
         8          4          0          0          0          0   entry9a.o
        30          0          0          0          0          0   handlers.o
        40          0          0          0          0         72   idiv.o
        36          8          0          0          0         68   init.o
         0          0          0          0          0          0   iusefp.o
        44          0          0          0          0         72   uidiv.o
       124          0          0          0          0         72   fdiv.o
       130          0          0          0          0        144   fepilogue.o
        40          0          0          0          0         60   ffixui.o
        22          0          0          0          0         68   fflti.o
        14          0          0          0          0         68   ffltui.o
       122          0          0          0          0         72   fmul.o
        24          0          0          0          0         60   fscalb.o

    ----------------------------------------------------------------------
       646         16          0          0          0        756   Library Totals
         0          0          0          0          0          0   (incl. Padding)

    ----------------------------------------------------------------------

      Code (inc. data)   RO Data    RW Data    ZI Data      Debug   Library Name

       170         16          0          0          0        212   mc_p.l
       476          0          0          0          0        544   mf_p.l

    ----------------------------------------------------------------------
       646         16          0          0          0        756   Library Totals

    ----------------------------------------------------------------------

==============================================================================


      Code (inc. data)   RO Data    RW Data    ZI Data      Debug   

     15144       2396       8444         92       1220     444486   Grand Totals
     15144       2396       8444         92       1220     444486   ELF Image Totals
     15144       2396       8444         92          0          0   ROM Totals

==============================================================================

    Total RO  Size (Code + RO Data)                23588 (  23.04kB)
    Total RW  Size (RW Data + ZI Data)              1312 (   1.28kB)
    Total ROM Size (Code + RO Data + RW Data)      23680 (  23.13kB)

==============================================================================

